---
source: pkgs/core/src/parser/mod.rs
description: "@omacom/omarchy/test/shell.d/editor-env-test.sh"
expression: ast
---
CshAst {
    commands: [
        Command(
            CshAstCommand {
                assignments: [],
                name: Some(
                    Literal(
                        "set",
                    ),
                ),
                args: [
                    Literal(
                        "-euo",
                    ),
                    Literal(
                        "pipefail",
                    ),
                ],
            },
        ),
        Command(
            CshAstCommand {
                assignments: [],
                name: Some(
                    Literal(
                        "source",
                    ),
                ),
                args: [
                    DoubleQuoted(
                        Concat(
                            [
                                CommandSubstitution {
                                    commands: [
                                        Command(
                                            CshAstCommand {
                                                assignments: [],
                                                name: Some(
                                                    Literal(
                                                        "dirname",
                                                    ),
                                                ),
                                                args: [
                                                    DoubleQuoted(
                                                        Variable(
                                                            "0",
                                                        ),
                                                    ),
                                                ],
                                            },
                                        ),
                                    ],
                                    backticks: false,
                                },
                                Literal(
                                    "/base-test.sh",
                                ),
                            ],
                        ),
                    ),
                ],
            },
        ),
        Command(
            CshAstCommand {
                assignments: [
                    CshAstAssignment {
                        name: "envs",
                        operator: Set,
                        value: DoubleQuoted(
                            Concat(
                                [
                                    Variable(
                                        "ROOT",
                                    ),
                                    Literal(
                                        "/default/bash/envs",
                                    ),
                                ],
                            ),
                        ),
                    },
                ],
                name: None,
                args: [],
            },
        ),
        Command(
            CshAstCommand {
                assignments: [
                    CshAstAssignment {
                        name: "editor",
                        operator: Set,
                        value: CommandSubstitution {
                            commands: [
                                Command(
                                    CshAstCommand {
                                        assignments: [],
                                        name: Some(
                                            Literal(
                                                "env",
                                            ),
                                        ),
                                        args: [
                                            Literal(
                                                "-u",
                                            ),
                                            Literal(
                                                "EDITOR",
                                            ),
                                            Literal(
                                                "bash",
                                            ),
                                            Literal(
                                                "-c",
                                            ),
                                            SingleQuoted(
                                                "source \"$1\"; printf \"%s\" \"$EDITOR\"",
                                            ),
                                            Literal(
                                                "bash",
                                            ),
                                            DoubleQuoted(
                                                Variable(
                                                    "envs",
                                                ),
                                            ),
                                        ],
                                    },
                                ),
                            ],
                            backticks: false,
                        },
                    },
                ],
                name: None,
                args: [],
            },
        ),
        Binary {
            left: Test(
                Binary {
                    left: Variable(
                        "editor",
                    ),
                    operator: PatternEqual,
                    right: DoubleQuoted(
                        Literal(
                            "omarchy-launch-editor --inline",
                        ),
                    ),
                },
            ),
            operator: Or,
            right: Command(
                CshAstCommand {
                    assignments: [],
                    name: Some(
                        Literal(
                            "fail",
                        ),
                    ),
                    args: [
                        DoubleQuoted(
                            Literal(
                                "bash env provides a default editor",
                            ),
                        ),
                        DoubleQuoted(
                            Concat(
                                [
                                    Literal(
                                        "actual: ",
                                    ),
                                    Variable(
                                        "editor",
                                    ),
                                ],
                            ),
                        ),
                    ],
                },
            ),
        },
        Command(
            CshAstCommand {
                assignments: [],
                name: Some(
                    Literal(
                        "pass",
                    ),
                ),
                args: [
                    DoubleQuoted(
                        Literal(
                            "bash env provides a default editor",
                        ),
                    ),
                ],
            },
        ),
        Command(
            CshAstCommand {
                assignments: [
                    CshAstAssignment {
                        name: "editor",
                        operator: Set,
                        value: CommandSubstitution {
                            commands: [
                                Command(
                                    CshAstCommand {
                                        assignments: [
                                            CshAstAssignment {
                                                name: "EDITOR",
                                                operator: Set,
                                                value: Literal(
                                                    "helix",
                                                ),
                                            },
                                        ],
                                        name: Some(
                                            Literal(
                                                "bash",
                                            ),
                                        ),
                                        args: [
                                            Literal(
                                                "-c",
                                            ),
                                            SingleQuoted(
                                                "source \"$1\"; printf \"%s\" \"$EDITOR\"",
                                            ),
                                            Literal(
                                                "bash",
                                            ),
                                            DoubleQuoted(
                                                Variable(
                                                    "envs",
                                                ),
                                            ),
                                        ],
                                    },
                                ),
                            ],
                            backticks: false,
                        },
                    },
                ],
                name: None,
                args: [],
            },
        ),
        Binary {
            left: Test(
                Binary {
                    left: Variable(
                        "editor",
                    ),
                    operator: PatternEqual,
                    right: DoubleQuoted(
                        Literal(
                            "helix",
                        ),
                    ),
                },
            ),
            operator: Or,
            right: Command(
                CshAstCommand {
                    assignments: [],
                    name: Some(
                        Literal(
                            "fail",
                        ),
                    ),
                    args: [
                        DoubleQuoted(
                            Literal(
                                "bash env preserves the inherited editor",
                            ),
                        ),
                        DoubleQuoted(
                            Concat(
                                [
                                    Literal(
                                        "actual: ",
                                    ),
                                    Variable(
                                        "editor",
                                    ),
                                ],
                            ),
                        ),
                    ],
                },
            ),
        },
        Command(
            CshAstCommand {
                assignments: [],
                name: Some(
                    Literal(
                        "pass",
                    ),
                ),
                args: [
                    DoubleQuoted(
                        Literal(
                            "bash env preserves the inherited editor",
                        ),
                    ),
                ],
            },
        ),
        Command(
            CshAstCommand {
                assignments: [
                    CshAstAssignment {
                        name: "sudo_editor",
                        operator: Set,
                        value: CommandSubstitution {
                            commands: [
                                Command(
                                    CshAstCommand {
                                        assignments: [],
                                        name: Some(
                                            Literal(
                                                "env",
                                            ),
                                        ),
                                        args: [
                                            Literal(
                                                "-u",
                                            ),
                                            Literal(
                                                "EDITOR",
                                            ),
                                            Literal(
                                                "-u",
                                            ),
                                            Literal(
                                                "SUDO_EDITOR",
                                            ),
                                            Literal(
                                                "bash",
                                            ),
                                            Literal(
                                                "-c",
                                            ),
                                            SingleQuoted(
                                                "source \"$1\"; printf \"%s\" \"$SUDO_EDITOR\"",
                                            ),
                                            Literal(
                                                "bash",
                                            ),
                                            DoubleQuoted(
                                                Variable(
                                                    "envs",
                                                ),
                                            ),
                                        ],
                                    },
                                ),
                            ],
                            backticks: false,
                        },
                    },
                ],
                name: None,
                args: [],
            },
        ),
        Binary {
            left: Test(
                Binary {
                    left: Variable(
                        "sudo_editor",
                    ),
                    operator: PatternEqual,
                    right: DoubleQuoted(
                        Literal(
                            "omarchy-launch-editor --inline",
                        ),
                    ),
                },
            ),
            operator: Or,
            right: Command(
                CshAstCommand {
                    assignments: [],
                    name: Some(
                        Literal(
                            "fail",
                        ),
                    ),
                    args: [
                        DoubleQuoted(
                            Literal(
                                "sudo uses the default editor",
                            ),
                        ),
                        DoubleQuoted(
                            Concat(
                                [
                                    Literal(
                                        "actual: ",
                                    ),
                                    Variable(
                                        "sudo_editor",
                                    ),
                                ],
                            ),
                        ),
                    ],
                },
            ),
        },
        Command(
            CshAstCommand {
                assignments: [],
                name: Some(
                    Literal(
                        "pass",
                    ),
                ),
                args: [
                    DoubleQuoted(
                        Literal(
                            "sudo uses the default editor",
                        ),
                    ),
                ],
            },
        ),
    ],
}
