---
source: pkgs/core/src/parser/mod.rs
description: "@omacom/omarchy/test/shell.d/menu-images-test.sh"
expression: ast
---
CshAst {
    commands: [
        Command(
            CshAstCommand {
                assignments: [],
                name: Some(
                    Literal(
                        "set",
                    ),
                ),
                args: [
                    Literal(
                        "-euo",
                    ),
                    Literal(
                        "pipefail",
                    ),
                ],
            },
        ),
        Command(
            CshAstCommand {
                assignments: [],
                name: Some(
                    Literal(
                        "source",
                    ),
                ),
                args: [
                    DoubleQuoted(
                        Concat(
                            [
                                CommandSubstitution {
                                    commands: [
                                        Binary {
                                            left: Command(
                                                CshAstCommand {
                                                    assignments: [],
                                                    name: Some(
                                                        Literal(
                                                            "cd",
                                                        ),
                                                    ),
                                                    args: [
                                                        Literal(
                                                            "--",
                                                        ),
                                                        DoubleQuoted(
                                                            CommandSubstitution {
                                                                commands: [
                                                                    Command(
                                                                        CshAstCommand {
                                                                            assignments: [],
                                                                            name: Some(
                                                                                Literal(
                                                                                    "dirname",
                                                                                ),
                                                                            ),
                                                                            args: [
                                                                                Literal(
                                                                                    "--",
                                                                                ),
                                                                                DoubleQuoted(
                                                                                    Parameter {
                                                                                        prefix: "",
                                                                                        name: "BASH_SOURCE",
                                                                                        suffix: Literal(
                                                                                            "[0]",
                                                                                        ),
                                                                                    },
                                                                                ),
                                                                            ],
                                                                        },
                                                                    ),
                                                                ],
                                                                backticks: false,
                                                            },
                                                        ),
                                                    ],
                                                },
                                            ),
                                            operator: And,
                                            right: Command(
                                                CshAstCommand {
                                                    assignments: [],
                                                    name: Some(
                                                        Literal(
                                                            "pwd",
                                                        ),
                                                    ),
                                                    args: [],
                                                },
                                            ),
                                        },
                                    ],
                                    backticks: false,
                                },
                                Literal(
                                    "/base-test.sh",
                                ),
                            ],
                        ),
                    ),
                ],
            },
        ),
        Command(
            CshAstCommand {
                assignments: [],
                name: Some(
                    Literal(
                        "require_command",
                    ),
                ),
                args: [
                    Literal(
                        "flock",
                    ),
                ],
            },
        ),
        Command(
            CshAstCommand {
                assignments: [
                    CshAstAssignment {
                        name: "tmp",
                        operator: Set,
                        value: CommandSubstitution {
                            commands: [
                                Command(
                                    CshAstCommand {
                                        assignments: [],
                                        name: Some(
                                            Literal(
                                                "mktemp",
                                            ),
                                        ),
                                        args: [
                                            Literal(
                                                "-d",
                                            ),
                                        ],
                                    },
                                ),
                            ],
                            backticks: false,
                        },
                    },
                ],
                name: None,
                args: [],
            },
        ),
        Command(
            CshAstCommand {
                assignments: [],
                name: Some(
                    Literal(
                        "trap",
                    ),
                ),
                args: [
                    SingleQuoted(
                        "rm -rf \"$tmp\"",
                    ),
                    Literal(
                        "EXIT",
                    ),
                ],
            },
        ),
        Command(
            CshAstCommand {
                assignments: [
                    CshAstAssignment {
                        name: "cache_home",
                        operator: Set,
                        value: DoubleQuoted(
                            Concat(
                                [
                                    Variable(
                                        "tmp",
                                    ),
                                    Literal(
                                        "/cache",
                                    ),
                                ],
                            ),
                        ),
                    },
                ],
                name: None,
                args: [],
            },
        ),
        Command(
            CshAstCommand {
                assignments: [
                    CshAstAssignment {
                        name: "images",
                        operator: Set,
                        value: DoubleQuoted(
                            Concat(
                                [
                                    Variable(
                                        "tmp",
                                    ),
                                    Literal(
                                        "/images",
                                    ),
                                ],
                            ),
                        ),
                    },
                ],
                name: None,
                args: [],
            },
        ),
        Command(
            CshAstCommand {
                assignments: [
                    CshAstAssignment {
                        name: "stub_bin",
                        operator: Set,
                        value: DoubleQuoted(
                            Concat(
                                [
                                    Variable(
                                        "tmp",
                                    ),
                                    Literal(
                                        "/bin",
                                    ),
                                ],
                            ),
                        ),
                    },
                ],
                name: None,
                args: [],
            },
        ),
        Command(
            CshAstCommand {
                assignments: [],
                name: Some(
                    Literal(
                        "mkdir",
                    ),
                ),
                args: [
                    Literal(
                        "-p",
                    ),
                    DoubleQuoted(
                        Variable(
                            "images",
                        ),
                    ),
                    DoubleQuoted(
                        Variable(
                            "stub_bin",
                        ),
                    ),
                ],
            },
        ),
        Redirected {
            expression: Command(
                CshAstCommand {
                    assignments: [],
                    name: Some(
                        Literal(
                            "cat",
                        ),
                    ),
                    args: [],
                },
            ),
            redirects: [
                CshAstRedirect {
                    descriptor: None,
                    operator: ">",
                    target: DoubleQuoted(
                        Concat(
                            [
                                Variable(
                                    "stub_bin",
                                ),
                                Literal(
                                    "/vipsthumbnail",
                                ),
                            ],
                        ),
                    ),
                },
                CshAstRedirect {
                    descriptor: None,
                    operator: "<<",
                    target: Literal(
                        "EOF",
                    ),
                    here_document: 0,
                },
            ],
        },
        Command(
            CshAstCommand {
                assignments: [],
                name: Some(
                    Literal(
                        "chmod",
                    ),
                ),
                args: [
                    Literal(
                        "+x",
                    ),
                    DoubleQuoted(
                        Concat(
                            [
                                Variable(
                                    "stub_bin",
                                ),
                                Literal(
                                    "/vipsthumbnail",
                                ),
                            ],
                        ),
                    ),
                ],
            },
        ),
        For {
            variable: "name",
            words: Some(
                [
                    Literal(
                        "one",
                    ),
                    Literal(
                        "two",
                    ),
                    Literal(
                        "three",
                    ),
                ],
            ),
            body: CshAst {
                commands: [
                    Redirected {
                        expression: Command(
                            CshAstCommand {
                                assignments: [],
                                name: Some(
                                    Literal(
                                        "printf",
                                    ),
                                ),
                                args: [
                                    SingleQuoted(
                                        "image-%s",
                                    ),
                                    DoubleQuoted(
                                        Variable(
                                            "name",
                                        ),
                                    ),
                                ],
                            },
                        ),
                        redirects: [
                            CshAstRedirect {
                                descriptor: None,
                                operator: ">",
                                target: DoubleQuoted(
                                    Concat(
                                        [
                                            Variable(
                                                "images",
                                            ),
                                            Literal(
                                                "/",
                                            ),
                                            Variable(
                                                "name",
                                            ),
                                            Literal(
                                                ".png",
                                            ),
                                        ],
                                    ),
                                ),
                            },
                        ],
                    },
                ],
            },
        },
        Command(
            CshAstCommand {
                assignments: [
                    CshAstAssignment {
                        name: "cache_dir",
                        operator: Set,
                        value: DoubleQuoted(
                            Concat(
                                [
                                    Variable(
                                        "cache_home",
                                    ),
                                    Literal(
                                        "/omarchy/image-selector",
                                    ),
                                ],
                            ),
                        ),
                    },
                ],
                name: None,
                args: [],
            },
        ),
        Command(
            CshAstCommand {
                assignments: [],
                name: Some(
                    Literal(
                        "mkdir",
                    ),
                ),
                args: [
                    Literal(
                        "-p",
                    ),
                    DoubleQuoted(
                        Variable(
                            "cache_dir",
                        ),
                    ),
                ],
            },
        ),
        Command(
            CshAstCommand {
                assignments: [
                    CshAstAssignment {
                        name: "stale_tmp",
                        operator: Set,
                        value: DoubleQuoted(
                            Literal(
                                "",
                            ),
                        ),
                    },
                ],
                name: None,
                args: [],
            },
        ),
        Command(
            CshAstCommand {
                assignments: [
                    CshAstAssignment {
                        name: "live_lock",
                        operator: Set,
                        value: DoubleQuoted(
                            Literal(
                                "",
                            ),
                        ),
                    },
                ],
                name: None,
                args: [],
            },
        ),
        For {
            variable: "image",
            words: Some(
                [
                    Concat(
                        [
                            DoubleQuoted(
                                Variable(
                                    "images",
                                ),
                            ),
                            Literal(
                                "/",
                            ),
                            Glob(
                                Star,
                            ),
                        ],
                    ),
                ],
            ),
            body: CshAst {
                commands: [
                    Command(
                        CshAstCommand {
                            assignments: [
                                CshAstAssignment {
                                    name: "signature",
                                    operator: Set,
                                    value: CommandSubstitution {
                                        commands: [
                                            Command(
                                                CshAstCommand {
                                                    assignments: [],
                                                    name: Some(
                                                        Literal(
                                                            "stat",
                                                        ),
                                                    ),
                                                    args: [
                                                        Literal(
                                                            "-Lc",
                                                        ),
                                                        SingleQuoted(
                                                            "%s:%Y",
                                                        ),
                                                        DoubleQuoted(
                                                            Variable(
                                                                "image",
                                                            ),
                                                        ),
                                                    ],
                                                },
                                            ),
                                        ],
                                        backticks: false,
                                    },
                                },
                            ],
                            name: None,
                            args: [],
                        },
                    ),
                    Command(
                        CshAstCommand {
                            assignments: [
                                CshAstAssignment {
                                    name: "hash",
                                    operator: Set,
                                    value: CommandSubstitution {
                                        commands: [
                                            Binary {
                                                left: Binary {
                                                    left: Command(
                                                        CshAstCommand {
                                                            assignments: [],
                                                            name: Some(
                                                                Literal(
                                                                    "printf",
                                                                ),
                                                            ),
                                                            args: [
                                                                SingleQuoted(
                                                                    "%s\\t%s",
                                                                ),
                                                                DoubleQuoted(
                                                                    Variable(
                                                                        "image",
                                                                    ),
                                                                ),
                                                                DoubleQuoted(
                                                                    Variable(
                                                                        "signature",
                                                                    ),
                                                                ),
                                                            ],
                                                        },
                                                    ),
                                                    operator: Pipe,
                                                    right: Command(
                                                        CshAstCommand {
                                                            assignments: [],
                                                            name: Some(
                                                                Literal(
                                                                    "md5sum",
                                                                ),
                                                            ),
                                                            args: [],
                                                        },
                                                    ),
                                                },
                                                operator: Pipe,
                                                right: Command(
                                                    CshAstCommand {
                                                        assignments: [],
                                                        name: Some(
                                                            Literal(
                                                                "cut",
                                                            ),
                                                        ),
                                                        args: [
                                                            Literal(
                                                                "-d",
                                                            ),
                                                            SingleQuoted(
                                                                " ",
                                                            ),
                                                            Literal(
                                                                "-f",
                                                            ),
                                                            Literal(
                                                                "1",
                                                            ),
                                                        ],
                                                    },
                                                ),
                                            },
                                        ],
                                        backticks: false,
                                    },
                                },
                            ],
                            name: None,
                            args: [],
                        },
                    ),
                    Command(
                        CshAstCommand {
                            assignments: [],
                            name: Some(
                                Literal(
                                    "mkdir",
                                ),
                            ),
                            args: [
                                DoubleQuoted(
                                    Concat(
                                        [
                                            Variable(
                                                "cache_dir",
                                            ),
                                            Literal(
                                                "/",
                                            ),
                                            Variable(
                                                "hash",
                                            ),
                                            Literal(
                                                ".jpg.lock",
                                            ),
                                        ],
                                    ),
                                ),
                            ],
                        },
                    ),
                    Command(
                        CshAstCommand {
                            assignments: [],
                            name: Some(
                                Literal(
                                    "touch",
                                ),
                            ),
                            args: [
                                Literal(
                                    "-m",
                                ),
                                Literal(
                                    "-d",
                                ),
                                SingleQuoted(
                                    "10 minutes ago",
                                ),
                                DoubleQuoted(
                                    Concat(
                                        [
                                            Variable(
                                                "cache_dir",
                                            ),
                                            Literal(
                                                "/",
                                            ),
                                            Variable(
                                                "hash",
                                            ),
                                            Literal(
                                                ".jpg.lock",
                                            ),
                                        ],
                                    ),
                                ),
                            ],
                        },
                    ),
                    Command(
                        CshAstCommand {
                            assignments: [
                                CshAstAssignment {
                                    name: "stale_tmp",
                                    operator: Set,
                                    value: DoubleQuoted(
                                        Concat(
                                            [
                                                Variable(
                                                    "cache_dir",
                                                ),
                                                Literal(
                                                    "/",
                                                ),
                                                Variable(
                                                    "hash",
                                                ),
                                                Literal(
                                                    ".jpg.4242.jpg",
                                                ),
                                            ],
                                        ),
                                    ),
                                },
                            ],
                            name: None,
                            args: [],
                        },
                    ),
                    Command(
                        CshAstCommand {
                            assignments: [
                                CshAstAssignment {
                                    name: "live_lock",
                                    operator: Set,
                                    value: DoubleQuoted(
                                        Concat(
                                            [
                                                Variable(
                                                    "cache_dir",
                                                ),
                                                Literal(
                                                    "/",
                                                ),
                                                Variable(
                                                    "hash",
                                                ),
                                                Literal(
                                                    ".jpg.lock",
                                                ),
                                            ],
                                        ),
                                    ),
                                },
                            ],
                            name: None,
                            args: [],
                        },
                    ),
                ],
            },
        },
        Redirected {
            expression: Command(
                CshAstCommand {
                    assignments: [],
                    name: Some(
                        Literal(
                            "printf",
                        ),
                    ),
                    args: [
                        SingleQuoted(
                            "partial",
                        ),
                    ],
                },
            ),
            redirects: [
                CshAstRedirect {
                    descriptor: None,
                    operator: ">",
                    target: DoubleQuoted(
                        Variable(
                            "stale_tmp",
                        ),
                    ),
                },
            ],
        },
        Command(
            CshAstCommand {
                assignments: [
                    CshAstAssignment {
                        name: "cache_key",
                        operator: Set,
                        value: CommandSubstitution {
                            commands: [
                                Binary {
                                    left: Binary {
                                        left: Command(
                                            CshAstCommand {
                                                assignments: [],
                                                name: Some(
                                                    Literal(
                                                        "printf",
                                                    ),
                                                ),
                                                args: [
                                                    SingleQuoted(
                                                        "%s",
                                                    ),
                                                    DoubleQuoted(
                                                        Variable(
                                                            "images",
                                                        ),
                                                    ),
                                                ],
                                            },
                                        ),
                                        operator: Pipe,
                                        right: Command(
                                            CshAstCommand {
                                                assignments: [],
                                                name: Some(
                                                    Literal(
                                                        "md5sum",
                                                    ),
                                                ),
                                                args: [],
                                            },
                                        ),
                                    },
                                    operator: Pipe,
                                    right: Command(
                                        CshAstCommand {
                                            assignments: [],
                                            name: Some(
                                                Literal(
                                                    "cut",
                                                ),
                                            ),
                                            args: [
                                                Literal(
                                                    "-d",
                                                ),
                                                SingleQuoted(
                                                    " ",
                                                ),
                                                Literal(
                                                    "-f",
                                                ),
                                                Literal(
                                                    "1",
                                                ),
                                            ],
                                        },
                                    ),
                                },
                            ],
                            backticks: false,
                        },
                    },
                ],
                name: None,
                args: [],
            },
        ),
        Redirected {
            expression: Command(
                CshAstCommand {
                    assignments: [],
                    name: Some(
                        Literal(
                            "printf",
                        ),
                    ),
                    args: [
                        SingleQuoted(
                            "%s\\t%s",
                        ),
                        DoubleQuoted(
                            Concat(
                                [
                                    Variable(
                                        "images",
                                    ),
                                    Literal(
                                        "/one.png",
                                    ),
                                ],
                            ),
                        ),
                        DoubleQuoted(
                            Concat(
                                [
                                    Variable(
                                        "cache_dir",
                                    ),
                                    Literal(
                                        "/missing.jpg",
                                    ),
                                ],
                            ),
                        ),
                    ],
                },
            ),
            redirects: [
                CshAstRedirect {
                    descriptor: None,
                    operator: ">",
                    target: DoubleQuoted(
                        Concat(
                            [
                                Variable(
                                    "cache_dir",
                                ),
                                Literal(
                                    "/",
                                ),
                                Variable(
                                    "cache_key",
                                ),
                                Literal(
                                    ".rows",
                                ),
                            ],
                        ),
                    ),
                },
            ],
        },
        Redirected {
            expression: Command(
                CshAstCommand {
                    assignments: [],
                    name: Some(
                        Literal(
                            "printf",
                        ),
                    ),
                    args: [
                        SingleQuoted(
                            "v2\\n%s:%s\\n",
                        ),
                        DoubleQuoted(
                            Variable(
                                "images",
                            ),
                        ),
                        DoubleQuoted(
                            CommandSubstitution {
                                commands: [
                                    Command(
                                        CshAstCommand {
                                            assignments: [],
                                            name: Some(
                                                Literal(
                                                    "stat",
                                                ),
                                            ),
                                            args: [
                                                Literal(
                                                    "-Lc",
                                                ),
                                                SingleQuoted(
                                                    "%Y",
                                                ),
                                                DoubleQuoted(
                                                    Variable(
                                                        "images",
                                                    ),
                                                ),
                                            ],
                                        },
                                    ),
                                ],
                                backticks: false,
                            },
                        ),
                    ],
                },
            ),
            redirects: [
                CshAstRedirect {
                    descriptor: None,
                    operator: ">",
                    target: DoubleQuoted(
                        Concat(
                            [
                                Variable(
                                    "cache_dir",
                                ),
                                Literal(
                                    "/",
                                ),
                                Variable(
                                    "cache_key",
                                ),
                                Literal(
                                    ".signature",
                                ),
                            ],
                        ),
                    ),
                },
            ],
        },
        Redirected {
            expression: Command(
                CshAstCommand {
                    assignments: [],
                    name: Some(
                        Literal(
                            "printf",
                        ),
                    ),
                    args: [
                        SingleQuoted(
                            "v1\\n%s:%s\\n",
                        ),
                        DoubleQuoted(
                            Variable(
                                "images",
                            ),
                        ),
                        DoubleQuoted(
                            CommandSubstitution {
                                commands: [
                                    Command(
                                        CshAstCommand {
                                            assignments: [],
                                            name: Some(
                                                Literal(
                                                    "stat",
                                                ),
                                            ),
                                            args: [
                                                Literal(
                                                    "-Lc",
                                                ),
                                                SingleQuoted(
                                                    "%Y",
                                                ),
                                                DoubleQuoted(
                                                    Variable(
                                                        "images",
                                                    ),
                                                ),
                                            ],
                                        },
                                    ),
                                ],
                                backticks: false,
                            },
                        ),
                    ],
                },
            ),
            redirects: [
                CshAstRedirect {
                    descriptor: None,
                    operator: ">",
                    target: DoubleQuoted(
                        Concat(
                            [
                                Variable(
                                    "cache_dir",
                                ),
                                Literal(
                                    "/",
                                ),
                                Variable(
                                    "cache_key",
                                ),
                                Literal(
                                    ".fast-signature",
                                ),
                            ],
                        ),
                    ),
                },
            ],
        },
        Command(
            CshAstCommand {
                assignments: [
                    CshAstAssignment {
                        name: "PATH",
                        operator: Set,
                        value: DoubleQuoted(
                            Concat(
                                [
                                    Variable(
                                        "stub_bin",
                                    ),
                                    Literal(
                                        ":",
                                    ),
                                    Variable(
                                        "PATH",
                                    ),
                                ],
                            ),
                        ),
                    },
                    CshAstAssignment {
                        name: "XDG_CACHE_HOME",
                        operator: Set,
                        value: DoubleQuoted(
                            Variable(
                                "cache_home",
                            ),
                        ),
                    },
                ],
                name: Some(
                    DoubleQuoted(
                        Concat(
                            [
                                Variable(
                                    "ROOT",
                                ),
                                Literal(
                                    "/bin/omarchy-menu-images",
                                ),
                            ],
                        ),
                    ),
                ),
                args: [
                    Literal(
                        "--cache-only",
                    ),
                    DoubleQuoted(
                        Variable(
                            "images",
                        ),
                    ),
                ],
            },
        ),
        Binary {
            left: Arithmetic(
                " $(find \"$cache_dir\" -maxdepth 1 -name '*.jpg' -type f | wc -l) == 3 ",
            ),
            operator: Or,
            right: Command(
                CshAstCommand {
                    assignments: [],
                    name: Some(
                        Literal(
                            "fail",
                        ),
                    ),
                    args: [
                        DoubleQuoted(
                            Literal(
                                "image menu recovers thumbnails from stranded locks",
                            ),
                        ),
                    ],
                },
            ),
        },
        Binary {
            left: Arithmetic(
                " $(awk 'END { print NR }' \"$cache_dir/$cache_key.rows\") == 3 ",
            ),
            operator: Or,
            right: Command(
                CshAstCommand {
                    assignments: [],
                    name: Some(
                        Literal(
                            "fail",
                        ),
                    ),
                    args: [
                        DoubleQuoted(
                            Literal(
                                "image menu rebuilds every row after cache invalidation",
                            ),
                        ),
                    ],
                },
            ),
        },
        Binary {
            left: Test(
                Concat(
                    [
                        Literal(
                            " ",
                        ),
                        CommandSubstitution {
                            commands: [
                                Command(
                                    CshAstCommand {
                                        assignments: [],
                                        name: Some(
                                            Literal(
                                                "head",
                                            ),
                                        ),
                                        args: [
                                            Literal(
                                                "-n",
                                            ),
                                            Literal(
                                                "1",
                                            ),
                                            DoubleQuoted(
                                                Concat(
                                                    [
                                                        Variable(
                                                            "cache_dir",
                                                        ),
                                                        Literal(
                                                            "/",
                                                        ),
                                                        Variable(
                                                            "cache_key",
                                                        ),
                                                        Literal(
                                                            ".signature",
                                                        ),
                                                    ],
                                                ),
                                            ),
                                        ],
                                    },
                                ),
                            ],
                            backticks: false,
                        },
                        Literal(
                            " == ",
                        ),
                        DoubleQuoted(
                            Literal(
                                "v4",
                            ),
                        ),
                        Literal(
                            " ",
                        ),
                    ],
                ),
            ),
            operator: Or,
            right: Command(
                CshAstCommand {
                    assignments: [],
                    name: Some(
                        Literal(
                            "fail",
                        ),
                    ),
                    args: [
                        DoubleQuoted(
                            Literal(
                                "image menu invalidates stale row caches",
                            ),
                        ),
                    ],
                },
            ),
        },
        Binary {
            left: Test(
                Concat(
                    [
                        Literal(
                            " ! -e ",
                        ),
                        Variable(
                            "stale_tmp",
                        ),
                        Literal(
                            " ",
                        ),
                    ],
                ),
            ),
            operator: Or,
            right: Command(
                CshAstCommand {
                    assignments: [],
                    name: Some(
                        Literal(
                            "fail",
                        ),
                    ),
                    args: [
                        DoubleQuoted(
                            Literal(
                                "image menu clears partial thumbnails left by killed generators",
                            ),
                        ),
                    ],
                },
            ),
        },
        Command(
            CshAstCommand {
                assignments: [],
                name: Some(
                    Literal(
                        "pass",
                    ),
                ),
                args: [
                    DoubleQuoted(
                        Literal(
                            "image menu recovers stranded locks and stale rows",
                        ),
                    ),
                ],
            },
        ),
        Command(
            CshAstCommand {
                assignments: [],
                name: Some(
                    Literal(
                        "rm",
                    ),
                ),
                args: [
                    Literal(
                        "-rf",
                    ),
                    DoubleQuoted(
                        Variable(
                            "cache_home",
                        ),
                    ),
                ],
            },
        ),
        Command(
            CshAstCommand {
                assignments: [],
                name: Some(
                    Literal(
                        "mkdir",
                    ),
                ),
                args: [
                    Literal(
                        "-p",
                    ),
                    DoubleQuoted(
                        Variable(
                            "cache_dir",
                        ),
                    ),
                ],
            },
        ),
        Command(
            CshAstCommand {
                assignments: [],
                name: Some(
                    Literal(
                        "mkdir",
                    ),
                ),
                args: [
                    DoubleQuoted(
                        Variable(
                            "live_lock",
                        ),
                    ),
                ],
            },
        ),
        Command(
            CshAstCommand {
                assignments: [
                    CshAstAssignment {
                        name: "PATH",
                        operator: Set,
                        value: DoubleQuoted(
                            Concat(
                                [
                                    Variable(
                                        "stub_bin",
                                    ),
                                    Literal(
                                        ":",
                                    ),
                                    Variable(
                                        "PATH",
                                    ),
                                ],
                            ),
                        ),
                    },
                    CshAstAssignment {
                        name: "XDG_CACHE_HOME",
                        operator: Set,
                        value: DoubleQuoted(
                            Variable(
                                "cache_home",
                            ),
                        ),
                    },
                ],
                name: Some(
                    DoubleQuoted(
                        Concat(
                            [
                                Variable(
                                    "ROOT",
                                ),
                                Literal(
                                    "/bin/omarchy-menu-images",
                                ),
                            ],
                        ),
                    ),
                ),
                args: [
                    Literal(
                        "--cache-only",
                    ),
                    DoubleQuoted(
                        Variable(
                            "images",
                        ),
                    ),
                ],
            },
        ),
        Binary {
            left: Arithmetic(
                " $(find \"$cache_dir\" -maxdepth 1 -name '*.jpg' -type f | wc -l) == 2 ",
            ),
            operator: Or,
            right: Command(
                CshAstCommand {
                    assignments: [],
                    name: Some(
                        Literal(
                            "fail",
                        ),
                    ),
                    args: [
                        DoubleQuoted(
                            Literal(
                                "image menu skips a thumbnail whose fresh legacy lock may still be owned",
                            ),
                        ),
                    ],
                },
            ),
        },
        Binary {
            left: Test(
                Concat(
                    [
                        Literal(
                            " -d ",
                        ),
                        Variable(
                            "live_lock",
                        ),
                        Literal(
                            " ",
                        ),
                    ],
                ),
            ),
            operator: Or,
            right: Command(
                CshAstCommand {
                    assignments: [],
                    name: Some(
                        Literal(
                            "fail",
                        ),
                    ),
                    args: [
                        DoubleQuoted(
                            Literal(
                                "image menu leaves a fresh legacy lock directory alone",
                            ),
                        ),
                    ],
                },
            ),
        },
        Binary {
            left: Test(
                Concat(
                    [
                        Literal(
                            " ! -e ",
                        ),
                        Variable(
                            "cache_dir",
                        ),
                        Literal(
                            "/",
                        ),
                        Variable(
                            "cache_key",
                        ),
                        Literal(
                            ".rows ",
                        ),
                    ],
                ),
            ),
            operator: Or,
            right: Command(
                CshAstCommand {
                    assignments: [],
                    name: Some(
                        Literal(
                            "fail",
                        ),
                    ),
                    args: [
                        DoubleQuoted(
                            Literal(
                                "image menu does not cache rows while a legacy generator holds a lock",
                            ),
                        ),
                    ],
                },
            ),
        },
        Command(
            CshAstCommand {
                assignments: [],
                name: Some(
                    Literal(
                        "pass",
                    ),
                ),
                args: [
                    DoubleQuoted(
                        Literal(
                            "image menu respects a live legacy generator's lock",
                        ),
                    ),
                ],
            },
        ),
        Command(
            CshAstCommand {
                assignments: [],
                name: Some(
                    Literal(
                        "rm",
                    ),
                ),
                args: [
                    Literal(
                        "-rf",
                    ),
                    DoubleQuoted(
                        Variable(
                            "cache_home",
                        ),
                    ),
                ],
            },
        ),
        Command(
            CshAstCommand {
                assignments: [],
                name: Some(
                    Literal(
                        "mkdir",
                    ),
                ),
                args: [
                    Literal(
                        "-p",
                    ),
                    DoubleQuoted(
                        Variable(
                            "cache_home",
                        ),
                    ),
                ],
            },
        ),
        Redirected {
            expression: Command(
                CshAstCommand {
                    assignments: [],
                    name: Some(
                        Literal(
                            "printf",
                        ),
                    ),
                    args: [
                        SingleQuoted(
                            "%s\\n",
                        ),
                        DoubleQuoted(
                            Concat(
                                [
                                    Variable(
                                        "images",
                                    ),
                                    Literal(
                                        "/two.png",
                                    ),
                                ],
                            ),
                        ),
                    ],
                },
            ),
            redirects: [
                CshAstRedirect {
                    descriptor: None,
                    operator: ">",
                    target: DoubleQuoted(
                        Concat(
                            [
                                Variable(
                                    "tmp",
                                ),
                                Literal(
                                    "/failures",
                                ),
                            ],
                        ),
                    ),
                },
            ],
        },
        Command(
            CshAstCommand {
                assignments: [
                    CshAstAssignment {
                        name: "PATH",
                        operator: Set,
                        value: DoubleQuoted(
                            Concat(
                                [
                                    Variable(
                                        "stub_bin",
                                    ),
                                    Literal(
                                        ":",
                                    ),
                                    Variable(
                                        "PATH",
                                    ),
                                ],
                            ),
                        ),
                    },
                    CshAstAssignment {
                        name: "XDG_CACHE_HOME",
                        operator: Set,
                        value: DoubleQuoted(
                            Variable(
                                "cache_home",
                            ),
                        ),
                    },
                    CshAstAssignment {
                        name: "VIPSTHUMBNAIL_FAIL_FILE",
                        operator: Set,
                        value: DoubleQuoted(
                            Concat(
                                [
                                    Variable(
                                        "tmp",
                                    ),
                                    Literal(
                                        "/failures",
                                    ),
                                ],
                            ),
                        ),
                    },
                ],
                name: Some(
                    DoubleQuoted(
                        Concat(
                            [
                                Variable(
                                    "ROOT",
                                ),
                                Literal(
                                    "/bin/omarchy-menu-images",
                                ),
                            ],
                        ),
                    ),
                ),
                args: [
                    Literal(
                        "--cache-only",
                    ),
                    DoubleQuoted(
                        Variable(
                            "images",
                        ),
                    ),
                ],
            },
        ),
        Command(
            CshAstCommand {
                assignments: [
                    CshAstAssignment {
                        name: "cache_dir",
                        operator: Set,
                        value: DoubleQuoted(
                            Concat(
                                [
                                    Variable(
                                        "cache_home",
                                    ),
                                    Literal(
                                        "/omarchy/image-selector",
                                    ),
                                ],
                            ),
                        ),
                    },
                ],
                name: None,
                args: [],
            },
        ),
        Binary {
            left: Test(
                Concat(
                    [
                        Literal(
                            " ! -e ",
                        ),
                        Variable(
                            "cache_dir",
                        ),
                        Literal(
                            "/",
                        ),
                        Variable(
                            "cache_key",
                        ),
                        Literal(
                            ".rows ",
                        ),
                    ],
                ),
            ),
            operator: Or,
            right: Command(
                CshAstCommand {
                    assignments: [],
                    name: Some(
                        Literal(
                            "fail",
                        ),
                    ),
                    args: [
                        DoubleQuoted(
                            Literal(
                                "image menu does not cache incomplete rows",
                            ),
                        ),
                    ],
                },
            ),
        },
        Binary {
            left: Test(
                Concat(
                    [
                        Literal(
                            " ! -e ",
                        ),
                        Variable(
                            "cache_dir",
                        ),
                        Literal(
                            "/",
                        ),
                        Variable(
                            "cache_key",
                        ),
                        Literal(
                            ".signature ",
                        ),
                    ],
                ),
            ),
            operator: Or,
            right: Command(
                CshAstCommand {
                    assignments: [],
                    name: Some(
                        Literal(
                            "fail",
                        ),
                    ),
                    args: [
                        DoubleQuoted(
                            Literal(
                                "image menu does not sign incomplete rows",
                            ),
                        ),
                    ],
                },
            ),
        },
        Binary {
            left: Test(
                Concat(
                    [
                        Literal(
                            " ! -e ",
                        ),
                        Variable(
                            "cache_dir",
                        ),
                        Literal(
                            "/",
                        ),
                        Variable(
                            "cache_key",
                        ),
                        Literal(
                            ".fast-signature ",
                        ),
                    ],
                ),
            ),
            operator: Or,
            right: Command(
                CshAstCommand {
                    assignments: [],
                    name: Some(
                        Literal(
                            "fail",
                        ),
                    ),
                    args: [
                        DoubleQuoted(
                            Literal(
                                "image menu does not fast-cache incomplete rows",
                            ),
                        ),
                    ],
                },
            ),
        },
        Command(
            CshAstCommand {
                assignments: [],
                name: Some(
                    Literal(
                        "pass",
                    ),
                ),
                args: [
                    DoubleQuoted(
                        Literal(
                            "image menu leaves failed thumbnail batches uncached",
                        ),
                    ),
                ],
            },
        ),
        Command(
            CshAstCommand {
                assignments: [],
                name: Some(
                    Literal(
                        "rm",
                    ),
                ),
                args: [
                    DoubleQuoted(
                        Concat(
                            [
                                Variable(
                                    "tmp",
                                ),
                                Literal(
                                    "/failures",
                                ),
                            ],
                        ),
                    ),
                ],
            },
        ),
        Command(
            CshAstCommand {
                assignments: [
                    CshAstAssignment {
                        name: "PATH",
                        operator: Set,
                        value: DoubleQuoted(
                            Concat(
                                [
                                    Variable(
                                        "stub_bin",
                                    ),
                                    Literal(
                                        ":",
                                    ),
                                    Variable(
                                        "PATH",
                                    ),
                                ],
                            ),
                        ),
                    },
                    CshAstAssignment {
                        name: "XDG_CACHE_HOME",
                        operator: Set,
                        value: DoubleQuoted(
                            Variable(
                                "cache_home",
                            ),
                        ),
                    },
                ],
                name: Some(
                    DoubleQuoted(
                        Concat(
                            [
                                Variable(
                                    "ROOT",
                                ),
                                Literal(
                                    "/bin/omarchy-menu-images",
                                ),
                            ],
                        ),
                    ),
                ),
                args: [
                    Literal(
                        "--cache-only",
                    ),
                    DoubleQuoted(
                        Variable(
                            "images",
                        ),
                    ),
                ],
            },
        ),
        Binary {
            left: Arithmetic(
                " $(find \"$cache_dir\" -maxdepth 1 -name '*.jpg' -type f | wc -l) == 3 ",
            ),
            operator: Or,
            right: Command(
                CshAstCommand {
                    assignments: [],
                    name: Some(
                        Literal(
                            "fail",
                        ),
                    ),
                    args: [
                        DoubleQuoted(
                            Literal(
                                "image menu retries a previously failed thumbnail",
                            ),
                        ),
                    ],
                },
            ),
        },
        Binary {
            left: Arithmetic(
                " $(awk 'END { print NR }' \"$cache_dir/$cache_key.rows\") == 3 ",
            ),
            operator: Or,
            right: Command(
                CshAstCommand {
                    assignments: [],
                    name: Some(
                        Literal(
                            "fail",
                        ),
                    ),
                    args: [
                        DoubleQuoted(
                            Literal(
                                "image menu caches every row after retry",
                            ),
                        ),
                    ],
                },
            ),
        },
        Command(
            CshAstCommand {
                assignments: [],
                name: Some(
                    Literal(
                        "pass",
                    ),
                ),
                args: [
                    DoubleQuoted(
                        Literal(
                            "image menu completes and caches a later retry",
                        ),
                    ),
                ],
            },
        ),
        Command(
            CshAstCommand {
                assignments: [],
                name: Some(
                    Literal(
                        "rm",
                    ),
                ),
                args: [
                    Literal(
                        "-rf",
                    ),
                    DoubleQuoted(
                        Variable(
                            "cache_home",
                        ),
                    ),
                ],
            },
        ),
        Command(
            CshAstCommand {
                assignments: [],
                name: Some(
                    Literal(
                        "mkdir",
                    ),
                ),
                args: [
                    Literal(
                        "-p",
                    ),
                    DoubleQuoted(
                        Variable(
                            "cache_home",
                        ),
                    ),
                ],
            },
        ),
        Redirected {
            expression: Command(
                CshAstCommand {
                    assignments: [],
                    name: Some(
                        Literal(
                            ":",
                        ),
                    ),
                    args: [],
                },
            ),
            redirects: [
                CshAstRedirect {
                    descriptor: None,
                    operator: ">",
                    target: DoubleQuoted(
                        Concat(
                            [
                                Variable(
                                    "tmp",
                                ),
                                Literal(
                                    "/calls",
                                ),
                            ],
                        ),
                    ),
                },
            ],
        },
        Command(
            CshAstCommand {
                assignments: [
                    CshAstAssignment {
                        name: "pids",
                        operator: Set,
                        value: Array(
                            [],
                        ),
                    },
                ],
                name: None,
                args: [],
            },
        ),
        For {
            variable: "run",
            words: Some(
                [
                    Literal(
                        "1",
                    ),
                    Literal(
                        "2",
                    ),
                ],
            ),
            body: CshAst {
                commands: [
                    Background(
                        Command(
                            CshAstCommand {
                                assignments: [
                                    CshAstAssignment {
                                        name: "PATH",
                                        operator: Set,
                                        value: DoubleQuoted(
                                            Concat(
                                                [
                                                    Variable(
                                                        "stub_bin",
                                                    ),
                                                    Literal(
                                                        ":",
                                                    ),
                                                    Variable(
                                                        "PATH",
                                                    ),
                                                ],
                                            ),
                                        ),
                                    },
                                    CshAstAssignment {
                                        name: "XDG_CACHE_HOME",
                                        operator: Set,
                                        value: DoubleQuoted(
                                            Variable(
                                                "cache_home",
                                            ),
                                        ),
                                    },
                                    CshAstAssignment {
                                        name: "VIPSTHUMBNAIL_CALLS_FILE",
                                        operator: Set,
                                        value: DoubleQuoted(
                                            Concat(
                                                [
                                                    Variable(
                                                        "tmp",
                                                    ),
                                                    Literal(
                                                        "/calls",
                                                    ),
                                                ],
                                            ),
                                        ),
                                    },
                                    CshAstAssignment {
                                        name: "VIPSTHUMBNAIL_DELAY",
                                        operator: Set,
                                        value: Literal(
                                            "0.25",
                                        ),
                                    },
                                ],
                                name: Some(
                                    DoubleQuoted(
                                        Concat(
                                            [
                                                Variable(
                                                    "ROOT",
                                                ),
                                                Literal(
                                                    "/bin/omarchy-menu-images",
                                                ),
                                            ],
                                        ),
                                    ),
                                ),
                                args: [
                                    Literal(
                                        "--cache-only",
                                    ),
                                    DoubleQuoted(
                                        Variable(
                                            "images",
                                        ),
                                    ),
                                ],
                            },
                        ),
                    ),
                    Command(
                        CshAstCommand {
                            assignments: [
                                CshAstAssignment {
                                    name: "pids",
                                    operator: Append,
                                    value: Array(
                                        [
                                            Variable(
                                                "!",
                                            ),
                                        ],
                                    ),
                                },
                            ],
                            name: None,
                            args: [],
                        },
                    ),
                ],
            },
        },
        For {
            variable: "pid",
            words: Some(
                [
                    DoubleQuoted(
                        Parameter {
                            prefix: "",
                            name: "pids",
                            suffix: Literal(
                                "[@]",
                            ),
                        },
                    ),
                ],
            ),
            body: CshAst {
                commands: [
                    Binary {
                        left: Command(
                            CshAstCommand {
                                assignments: [],
                                name: Some(
                                    Literal(
                                        "wait",
                                    ),
                                ),
                                args: [
                                    DoubleQuoted(
                                        Variable(
                                            "pid",
                                        ),
                                    ),
                                ],
                            },
                        ),
                        operator: Or,
                        right: Command(
                            CshAstCommand {
                                assignments: [],
                                name: Some(
                                    Literal(
                                        "fail",
                                    ),
                                ),
                                args: [
                                    DoubleQuoted(
                                        Literal(
                                            "concurrent image menu runs exit cleanly",
                                        ),
                                    ),
                                ],
                            },
                        ),
                    },
                ],
            },
        },
        Binary {
            left: Arithmetic(
                " $(wc -l <\"$tmp/calls\") == 3 ",
            ),
            operator: Or,
            right: Command(
                CshAstCommand {
                    assignments: [],
                    name: Some(
                        Literal(
                            "fail",
                        ),
                    ),
                    args: [
                        DoubleQuoted(
                            Literal(
                                "image menu serializes concurrent thumbnail generators",
                            ),
                        ),
                    ],
                },
            ),
        },
        Command(
            CshAstCommand {
                assignments: [],
                name: Some(
                    Literal(
                        "rm",
                    ),
                ),
                args: [
                    Literal(
                        "-f",
                    ),
                    Concat(
                        [
                            DoubleQuoted(
                                Variable(
                                    "cache_dir",
                                ),
                            ),
                            Literal(
                                "/",
                            ),
                            Glob(
                                Star,
                            ),
                            Literal(
                                ".jpg",
                            ),
                        ],
                    ),
                ],
            },
        ),
        Command(
            CshAstCommand {
                assignments: [],
                name: Some(
                    Literal(
                        "rm",
                    ),
                ),
                args: [
                    Literal(
                        "-f",
                    ),
                    DoubleQuoted(
                        Concat(
                            [
                                Variable(
                                    "cache_dir",
                                ),
                                Literal(
                                    "/",
                                ),
                                Variable(
                                    "cache_key",
                                ),
                                Literal(
                                    ".rows",
                                ),
                            ],
                        ),
                    ),
                    DoubleQuoted(
                        Concat(
                            [
                                Variable(
                                    "cache_dir",
                                ),
                                Literal(
                                    "/",
                                ),
                                Variable(
                                    "cache_key",
                                ),
                                Literal(
                                    ".signature",
                                ),
                            ],
                        ),
                    ),
                    DoubleQuoted(
                        Concat(
                            [
                                Variable(
                                    "cache_dir",
                                ),
                                Literal(
                                    "/",
                                ),
                                Variable(
                                    "cache_key",
                                ),
                                Literal(
                                    ".fast-signature",
                                ),
                            ],
                        ),
                    ),
                ],
            },
        ),
        Command(
            CshAstCommand {
                assignments: [
                    CshAstAssignment {
                        name: "PATH",
                        operator: Set,
                        value: DoubleQuoted(
                            Concat(
                                [
                                    Variable(
                                        "stub_bin",
                                    ),
                                    Literal(
                                        ":",
                                    ),
                                    Variable(
                                        "PATH",
                                    ),
                                ],
                            ),
                        ),
                    },
                    CshAstAssignment {
                        name: "XDG_CACHE_HOME",
                        operator: Set,
                        value: DoubleQuoted(
                            Variable(
                                "cache_home",
                            ),
                        ),
                    },
                    CshAstAssignment {
                        name: "VIPSTHUMBNAIL_CALLS_FILE",
                        operator: Set,
                        value: DoubleQuoted(
                            Concat(
                                [
                                    Variable(
                                        "tmp",
                                    ),
                                    Literal(
                                        "/calls",
                                    ),
                                ],
                            ),
                        ),
                    },
                ],
                name: Some(
                    DoubleQuoted(
                        Concat(
                            [
                                Variable(
                                    "ROOT",
                                ),
                                Literal(
                                    "/bin/omarchy-menu-images",
                                ),
                            ],
                        ),
                    ),
                ),
                args: [
                    Literal(
                        "--cache-only",
                    ),
                    DoubleQuoted(
                        Variable(
                            "images",
                        ),
                    ),
                ],
            },
        ),
        Binary {
            left: Arithmetic(
                " $(wc -l <\"$tmp/calls\") == 6 ",
            ),
            operator: Or,
            right: Command(
                CshAstCommand {
                    assignments: [],
                    name: Some(
                        Literal(
                            "fail",
                        ),
                    ),
                    args: [
                        DoubleQuoted(
                            Literal(
                                "image menu releases thumbnail locks after generation",
                            ),
                        ),
                    ],
                },
            ),
        },
        Command(
            CshAstCommand {
                assignments: [],
                name: Some(
                    Literal(
                        "pass",
                    ),
                ),
                args: [
                    DoubleQuoted(
                        Literal(
                            "image menu owns locks for exactly one generator lifetime",
                        ),
                    ),
                ],
            },
        ),
    ],
    here_documents: [
        CshAstHereDocument {
            delimiter: "EOF",
            quoted: true,
            strip_tabs: false,
            body: "#!/bin/bash\n\nimage=\"$1\"\nshift\n\nwhile (( $# > 0 )); do\n  if [[ $1 == \"--path\" ]]; then\n    output=${2%%\\[*}\n    break\n  fi\n  shift\ndone\n\nif [[ -f ${VIPSTHUMBNAIL_FAIL_FILE:-} ]] && grep -Fxq \"$image\" \"$VIPSTHUMBNAIL_FAIL_FILE\"; then\n  exit 1\nfi\n\n[[ -z ${VIPSTHUMBNAIL_CALLS_FILE:-} ]] || printf '%s\\n' \"$image\" >>\"$VIPSTHUMBNAIL_CALLS_FILE\"\n[[ -z ${VIPSTHUMBNAIL_DELAY:-} ]] || sleep \"$VIPSTHUMBNAIL_DELAY\"\nprintf 'thumbnail' >\"$output\"\n",
        },
    ],
}
