---
source: pkgs/core/src/parser/mod.rs
description: "@omacom/omarchy/test/shell.d/mise-wrapper-quiet-migration-test.sh"
expression: ast
---
CshAst {
    commands: [
        Command(
            CshAstCommand {
                assignments: [],
                name: Some(
                    Literal(
                        "set",
                    ),
                ),
                args: [
                    Literal(
                        "-euo",
                    ),
                    Literal(
                        "pipefail",
                    ),
                ],
            },
        ),
        Command(
            CshAstCommand {
                assignments: [],
                name: Some(
                    Literal(
                        "source",
                    ),
                ),
                args: [
                    DoubleQuoted(
                        Concat(
                            [
                                CommandSubstitution {
                                    commands: [
                                        Command(
                                            CshAstCommand {
                                                assignments: [],
                                                name: Some(
                                                    Literal(
                                                        "dirname",
                                                    ),
                                                ),
                                                args: [
                                                    DoubleQuoted(
                                                        Parameter {
                                                            prefix: "",
                                                            name: "BASH_SOURCE",
                                                            suffix: Literal(
                                                                "[0]",
                                                            ),
                                                        },
                                                    ),
                                                ],
                                            },
                                        ),
                                    ],
                                    backticks: false,
                                },
                                Literal(
                                    "/base-test.sh",
                                ),
                            ],
                        ),
                    ),
                ],
            },
        ),
        Command(
            CshAstCommand {
                assignments: [
                    CshAstAssignment {
                        name: "migration",
                        value: DoubleQuoted(
                            Concat(
                                [
                                    Variable(
                                        "ROOT",
                                    ),
                                    Literal(
                                        "/migrations/1787573629.sh",
                                    ),
                                ],
                            ),
                        ),
                    },
                ],
                name: None,
                args: [],
            },
        ),
        Command(
            CshAstCommand {
                assignments: [
                    CshAstAssignment {
                        name: "test_dir",
                        value: CommandSubstitution {
                            commands: [
                                Command(
                                    CshAstCommand {
                                        assignments: [],
                                        name: Some(
                                            Literal(
                                                "mktemp",
                                            ),
                                        ),
                                        args: [
                                            Literal(
                                                "-d",
                                            ),
                                        ],
                                    },
                                ),
                            ],
                            backticks: false,
                        },
                    },
                ],
                name: None,
                args: [],
            },
        ),
        Command(
            CshAstCommand {
                assignments: [],
                name: Some(
                    Literal(
                        "trap",
                    ),
                ),
                args: [
                    SingleQuoted(
                        "rm -rf \"$test_dir\"",
                    ),
                    Literal(
                        "EXIT",
                    ),
                ],
            },
        ),
        Command(
            CshAstCommand {
                assignments: [
                    CshAstAssignment {
                        name: "home",
                        value: DoubleQuoted(
                            Concat(
                                [
                                    Variable(
                                        "test_dir",
                                    ),
                                    Literal(
                                        "/home",
                                    ),
                                ],
                            ),
                        ),
                    },
                ],
                name: None,
                args: [],
            },
        ),
        Command(
            CshAstCommand {
                assignments: [
                    CshAstAssignment {
                        name: "bin_dir",
                        value: DoubleQuoted(
                            Concat(
                                [
                                    Variable(
                                        "home",
                                    ),
                                    Literal(
                                        "/.local/bin",
                                    ),
                                ],
                            ),
                        ),
                    },
                ],
                name: None,
                args: [],
            },
        ),
        Command(
            CshAstCommand {
                assignments: [],
                name: Some(
                    Literal(
                        "mkdir",
                    ),
                ),
                args: [
                    Literal(
                        "-p",
                    ),
                    DoubleQuoted(
                        Variable(
                            "bin_dir",
                        ),
                    ),
                ],
            },
        ),
        Function {
            name: "run_migration",
            body: Group(
                CshAst {
                    commands: [
                        Redirected {
                            expression: Command(
                                CshAstCommand {
                                    assignments: [
                                        CshAstAssignment {
                                            name: "HOME",
                                            value: DoubleQuoted(
                                                Variable(
                                                    "home",
                                                ),
                                            ),
                                        },
                                        CshAstAssignment {
                                            name: "PATH",
                                            value: DoubleQuoted(
                                                Concat(
                                                    [
                                                        Variable(
                                                            "ROOT",
                                                        ),
                                                        Literal(
                                                            "/bin:",
                                                        ),
                                                        Variable(
                                                            "PATH",
                                                        ),
                                                    ],
                                                ),
                                            ),
                                        },
                                    ],
                                    name: Some(
                                        Literal(
                                            "bash",
                                        ),
                                    ),
                                    args: [
                                        Literal(
                                            "-euo",
                                        ),
                                        Literal(
                                            "pipefail",
                                        ),
                                        DoubleQuoted(
                                            Variable(
                                                "migration",
                                            ),
                                        ),
                                    ],
                                },
                            ),
                            redirects: [
                                CshAstRedirect {
                                    descriptor: None,
                                    operator: ">",
                                    target: Literal(
                                        "/dev/null",
                                    ),
                                },
                            ],
                        },
                    ],
                },
            ),
        },
        Function {
            name: "write_stale_wrapper",
            body: Group(
                CshAst {
                    commands: [
                        Command(
                            CshAstCommand {
                                assignments: [],
                                name: Some(
                                    Literal(
                                        "local",
                                    ),
                                ),
                                args: [
                                    Concat(
                                        [
                                            Literal(
                                                "command=",
                                            ),
                                            Variable(
                                                "1",
                                            ),
                                        ],
                                    ),
                                    Concat(
                                        [
                                            Literal(
                                                "package=",
                                            ),
                                            Variable(
                                                "2",
                                            ),
                                        ],
                                    ),
                                    Concat(
                                        [
                                            Literal(
                                                "bin=",
                                            ),
                                            Variable(
                                                "3",
                                            ),
                                        ],
                                    ),
                                ],
                            },
                        ),
                        Redirected {
                            expression: Command(
                                CshAstCommand {
                                    assignments: [],
                                    name: Some(
                                        Literal(
                                            "cat",
                                        ),
                                    ),
                                    args: [],
                                },
                            ),
                            redirects: [
                                CshAstRedirect {
                                    descriptor: None,
                                    operator: ">",
                                    target: DoubleQuoted(
                                        Concat(
                                            [
                                                Variable(
                                                    "bin_dir",
                                                ),
                                                Literal(
                                                    "/",
                                                ),
                                                Variable(
                                                    "command",
                                                ),
                                            ],
                                        ),
                                    ),
                                },
                                CshAstRedirect {
                                    descriptor: None,
                                    operator: "<<",
                                    target: Literal(
                                        "EOF",
                                    ),
                                    here_document: 0,
                                },
                            ],
                        },
                        Command(
                            CshAstCommand {
                                assignments: [],
                                name: Some(
                                    Literal(
                                        "chmod",
                                    ),
                                ),
                                args: [
                                    Literal(
                                        "+x",
                                    ),
                                    DoubleQuoted(
                                        Concat(
                                            [
                                                Variable(
                                                    "bin_dir",
                                                ),
                                                Literal(
                                                    "/",
                                                ),
                                                Variable(
                                                    "command",
                                                ),
                                            ],
                                        ),
                                    ),
                                ],
                            },
                        ),
                    ],
                },
            ),
        },
        Function {
            name: "write_pre_export_wrapper",
            body: Group(
                CshAst {
                    commands: [
                        Command(
                            CshAstCommand {
                                assignments: [],
                                name: Some(
                                    Literal(
                                        "local",
                                    ),
                                ),
                                args: [
                                    Concat(
                                        [
                                            Literal(
                                                "command=",
                                            ),
                                            Variable(
                                                "1",
                                            ),
                                        ],
                                    ),
                                    Concat(
                                        [
                                            Literal(
                                                "package=",
                                            ),
                                            Variable(
                                                "2",
                                            ),
                                        ],
                                    ),
                                    Concat(
                                        [
                                            Literal(
                                                "bin=",
                                            ),
                                            Variable(
                                                "3",
                                            ),
                                        ],
                                    ),
                                ],
                            },
                        ),
                        Redirected {
                            expression: Command(
                                CshAstCommand {
                                    assignments: [],
                                    name: Some(
                                        Literal(
                                            "cat",
                                        ),
                                    ),
                                    args: [],
                                },
                            ),
                            redirects: [
                                CshAstRedirect {
                                    descriptor: None,
                                    operator: ">",
                                    target: DoubleQuoted(
                                        Concat(
                                            [
                                                Variable(
                                                    "bin_dir",
                                                ),
                                                Literal(
                                                    "/",
                                                ),
                                                Variable(
                                                    "command",
                                                ),
                                            ],
                                        ),
                                    ),
                                },
                                CshAstRedirect {
                                    descriptor: None,
                                    operator: "<<",
                                    target: Literal(
                                        "EOF",
                                    ),
                                    here_document: 1,
                                },
                            ],
                        },
                        Command(
                            CshAstCommand {
                                assignments: [],
                                name: Some(
                                    Literal(
                                        "chmod",
                                    ),
                                ),
                                args: [
                                    Literal(
                                        "+x",
                                    ),
                                    DoubleQuoted(
                                        Concat(
                                            [
                                                Variable(
                                                    "bin_dir",
                                                ),
                                                Literal(
                                                    "/",
                                                ),
                                                Variable(
                                                    "command",
                                                ),
                                            ],
                                        ),
                                    ),
                                ],
                            },
                        ),
                    ],
                },
            ),
        },
        Command(
            CshAstCommand {
                assignments: [],
                name: Some(
                    Literal(
                        "write_stale_wrapper",
                    ),
                ),
                args: [
                    Literal(
                        "claude",
                    ),
                    Literal(
                        "claude",
                    ),
                    Literal(
                        "claude",
                    ),
                ],
            },
        ),
        Command(
            CshAstCommand {
                assignments: [],
                name: Some(
                    Literal(
                        "write_stale_wrapper",
                    ),
                ),
                args: [
                    Literal(
                        "omp",
                    ),
                    Literal(
                        "github:can1357/oh-my-pi",
                    ),
                    Literal(
                        "omp",
                    ),
                ],
            },
        ),
        Command(
            CshAstCommand {
                assignments: [],
                name: Some(
                    Literal(
                        "write_stale_wrapper",
                    ),
                ),
                args: [
                    Literal(
                        "ghui",
                    ),
                    Literal(
                        "npm:@kitlangton/ghui",
                    ),
                    Literal(
                        "ghui",
                    ),
                ],
            },
        ),
        Command(
            CshAstCommand {
                assignments: [],
                name: Some(
                    Literal(
                        "write_pre_export_wrapper",
                    ),
                ),
                args: [
                    Literal(
                        "custom-tool",
                    ),
                    DoubleQuoted(
                        Literal(
                            "github:someone/custom-tool",
                        ),
                    ),
                    Literal(
                        "custom-tool",
                    ),
                ],
            },
        ),
        Redirected {
            expression: Command(
                CshAstCommand {
                    assignments: [],
                    name: Some(
                        Literal(
                            "cat",
                        ),
                    ),
                    args: [],
                },
            ),
            redirects: [
                CshAstRedirect {
                    descriptor: None,
                    operator: ">",
                    target: DoubleQuoted(
                        Concat(
                            [
                                Variable(
                                    "bin_dir",
                                ),
                                Literal(
                                    "/mise-exec-era",
                                ),
                            ],
                        ),
                    ),
                },
                CshAstRedirect {
                    descriptor: None,
                    operator: "<<",
                    target: Literal(
                        "EOF",
                    ),
                    here_document: 2,
                },
            ],
        },
        Redirected {
            expression: Command(
                CshAstCommand {
                    assignments: [],
                    name: Some(
                        Literal(
                            "cat",
                        ),
                    ),
                    args: [],
                },
            ),
            redirects: [
                CshAstRedirect {
                    descriptor: None,
                    operator: ">",
                    target: DoubleQuoted(
                        Concat(
                            [
                                Variable(
                                    "bin_dir",
                                ),
                                Literal(
                                    "/bare-exec-era",
                                ),
                            ],
                        ),
                    ),
                },
                CshAstRedirect {
                    descriptor: None,
                    operator: "<<",
                    target: Literal(
                        "EOF",
                    ),
                    here_document: 3,
                },
            ],
        },
        Command(
            CshAstCommand {
                assignments: [],
                name: Some(
                    Literal(
                        "chmod",
                    ),
                ),
                args: [
                    Literal(
                        "+x",
                    ),
                    DoubleQuoted(
                        Concat(
                            [
                                Variable(
                                    "bin_dir",
                                ),
                                Literal(
                                    "/mise-exec-era",
                                ),
                            ],
                        ),
                    ),
                    DoubleQuoted(
                        Concat(
                            [
                                Variable(
                                    "bin_dir",
                                ),
                                Literal(
                                    "/bare-exec-era",
                                ),
                            ],
                        ),
                    ),
                ],
            },
        ),
        Command(
            CshAstCommand {
                assignments: [],
                name: Some(
                    Literal(
                        "run_migration",
                    ),
                ),
                args: [],
            },
        ),
        Binary {
            left: Command(
                CshAstCommand {
                    assignments: [],
                    name: Some(
                        Literal(
                            "grep",
                        ),
                    ),
                    args: [
                        Literal(
                            "-qF",
                        ),
                        SingleQuoted(
                            "mise use -g --quiet \"claude\" || exit 1",
                        ),
                        DoubleQuoted(
                            Concat(
                                [
                                    Variable(
                                        "bin_dir",
                                    ),
                                    Literal(
                                        "/claude",
                                    ),
                                ],
                            ),
                        ),
                    ],
                },
            ),
            operator: Or,
            right: Command(
                CshAstCommand {
                    assignments: [],
                    name: Some(
                        Literal(
                            "fail",
                        ),
                    ),
                    args: [
                        DoubleQuoted(
                            Literal(
                                "migration adds --quiet to a stale wrapper",
                            ),
                        ),
                    ],
                },
            ),
        },
        Command(
            CshAstCommand {
                assignments: [],
                name: Some(
                    Literal(
                        "pass",
                    ),
                ),
                args: [
                    DoubleQuoted(
                        Literal(
                            "migration adds --quiet to a stale wrapper",
                        ),
                    ),
                ],
            },
        ),
        Binary {
            left: Command(
                CshAstCommand {
                    assignments: [],
                    name: Some(
                        Literal(
                            "grep",
                        ),
                    ),
                    args: [
                        Literal(
                            "-qF",
                        ),
                        SingleQuoted(
                            "mise use -g --quiet \"github:can1357/oh-my-pi\" || exit 1",
                        ),
                        DoubleQuoted(
                            Concat(
                                [
                                    Variable(
                                        "bin_dir",
                                    ),
                                    Literal(
                                        "/omp",
                                    ),
                                ],
                            ),
                        ),
                    ],
                },
            ),
            operator: Or,
            right: Command(
                CshAstCommand {
                    assignments: [],
                    name: Some(
                        Literal(
                            "fail",
                        ),
                    ),
                    args: [
                        DoubleQuoted(
                            Literal(
                                "migration keeps a wrapper's package when the command name differs",
                            ),
                        ),
                    ],
                },
            ),
        },
        Binary {
            left: Command(
                CshAstCommand {
                    assignments: [],
                    name: Some(
                        Literal(
                            "grep",
                        ),
                    ),
                    args: [
                        Literal(
                            "-qF",
                        ),
                        SingleQuoted(
                            "exec mise x \"github:can1357/oh-my-pi\" -- \"omp\" \"$@\"",
                        ),
                        DoubleQuoted(
                            Concat(
                                [
                                    Variable(
                                        "bin_dir",
                                    ),
                                    Literal(
                                        "/omp",
                                    ),
                                ],
                            ),
                        ),
                    ],
                },
            ),
            operator: Or,
            right: Command(
                CshAstCommand {
                    assignments: [],
                    name: Some(
                        Literal(
                            "fail",
                        ),
                    ),
                    args: [
                        DoubleQuoted(
                            Literal(
                                "migration keeps a wrapper's bin name when the command name differs",
                            ),
                        ),
                    ],
                },
            ),
        },
        Command(
            CshAstCommand {
                assignments: [],
                name: Some(
                    Literal(
                        "pass",
                    ),
                ),
                args: [
                    DoubleQuoted(
                        Literal(
                            "migration preserves package and bin names",
                        ),
                    ),
                ],
            },
        ),
        Binary {
            left: Command(
                CshAstCommand {
                    assignments: [],
                    name: Some(
                        Literal(
                            "grep",
                        ),
                    ),
                    args: [
                        Literal(
                            "-qF",
                        ),
                        SingleQuoted(
                            "exec mise x \"npm:@kitlangton/ghui\" -- \"ghui\" \"$@\"",
                        ),
                        DoubleQuoted(
                            Concat(
                                [
                                    Variable(
                                        "bin_dir",
                                    ),
                                    Literal(
                                        "/ghui",
                                    ),
                                ],
                            ),
                        ),
                    ],
                },
            ),
            operator: Or,
            right: Command(
                CshAstCommand {
                    assignments: [],
                    name: Some(
                        Literal(
                            "fail",
                        ),
                    ),
                    args: [
                        DoubleQuoted(
                            Literal(
                                "migration preserves a scoped npm package name",
                            ),
                        ),
                    ],
                },
            ),
        },
        Command(
            CshAstCommand {
                assignments: [],
                name: Some(
                    Literal(
                        "pass",
                    ),
                ),
                args: [
                    DoubleQuoted(
                        Literal(
                            "migration preserves a scoped npm package name",
                        ),
                    ),
                ],
            },
        ),
        Binary {
            left: Command(
                CshAstCommand {
                    assignments: [],
                    name: Some(
                        Literal(
                            "grep",
                        ),
                    ),
                    args: [
                        Literal(
                            "-qF",
                        ),
                        SingleQuoted(
                            "mise use -g --quiet \"github:someone/custom-tool\" || exit 1",
                        ),
                        DoubleQuoted(
                            Concat(
                                [
                                    Variable(
                                        "bin_dir",
                                    ),
                                    Literal(
                                        "/custom-tool",
                                    ),
                                ],
                            ),
                        ),
                    ],
                },
            ),
            operator: Or,
            right: Command(
                CshAstCommand {
                    assignments: [],
                    name: Some(
                        Literal(
                            "fail",
                        ),
                    ),
                    args: [
                        DoubleQuoted(
                            Literal(
                                "migration rewrites a wrapper on the pre-export template",
                            ),
                        ),
                    ],
                },
            ),
        },
        Binary {
            left: Command(
                CshAstCommand {
                    assignments: [],
                    name: Some(
                        Literal(
                            "grep",
                        ),
                    ),
                    args: [
                        Literal(
                            "-qF",
                        ),
                        SingleQuoted(
                            "export MISE_MINIMUM_RELEASE_AGE=0",
                        ),
                        DoubleQuoted(
                            Concat(
                                [
                                    Variable(
                                        "bin_dir",
                                    ),
                                    Literal(
                                        "/custom-tool",
                                    ),
                                ],
                            ),
                        ),
                    ],
                },
            ),
            operator: Or,
            right: Command(
                CshAstCommand {
                    assignments: [],
                    name: Some(
                        Literal(
                            "fail",
                        ),
                    ),
                    args: [
                        DoubleQuoted(
                            Literal(
                                "migration brings a pre-export wrapper up to the current template",
                            ),
                        ),
                    ],
                },
            ),
        },
        Command(
            CshAstCommand {
                assignments: [],
                name: Some(
                    Literal(
                        "pass",
                    ),
                ),
                args: [
                    DoubleQuoted(
                        Literal(
                            "migration rewrites wrappers on the pre-export template",
                        ),
                    ),
                ],
            },
        ),
        Binary {
            left: Command(
                CshAstCommand {
                    assignments: [],
                    name: Some(
                        Literal(
                            "grep",
                        ),
                    ),
                    args: [
                        Literal(
                            "-qF",
                        ),
                        SingleQuoted(
                            "mise use -g --quiet \"npm:some/tool\" || exit 1",
                        ),
                        DoubleQuoted(
                            Concat(
                                [
                                    Variable(
                                        "bin_dir",
                                    ),
                                    Literal(
                                        "/mise-exec-era",
                                    ),
                                ],
                            ),
                        ),
                    ],
                },
            ),
            operator: Or,
            right: Command(
                CshAstCommand {
                    assignments: [],
                    name: Some(
                        Literal(
                            "fail",
                        ),
                    ),
                    args: [
                        DoubleQuoted(
                            Literal(
                                "migration rewrites a wrapper on the mise-exec template",
                            ),
                        ),
                    ],
                },
            ),
        },
        Binary {
            left: Command(
                CshAstCommand {
                    assignments: [],
                    name: Some(
                        Literal(
                            "grep",
                        ),
                    ),
                    args: [
                        Literal(
                            "-qF",
                        ),
                        SingleQuoted(
                            "exec mise x \"npm:some/tool\" -- \"tool-bin\" \"$@\"",
                        ),
                        DoubleQuoted(
                            Concat(
                                [
                                    Variable(
                                        "bin_dir",
                                    ),
                                    Literal(
                                        "/mise-exec-era",
                                    ),
                                ],
                            ),
                        ),
                    ],
                },
            ),
            operator: Or,
            right: Command(
                CshAstCommand {
                    assignments: [],
                    name: Some(
                        Literal(
                            "fail",
                        ),
                    ),
                    args: [
                        DoubleQuoted(
                            Literal(
                                "migration keeps the bin name from a mise-exec wrapper",
                            ),
                        ),
                    ],
                },
            ),
        },
        Binary {
            left: Command(
                CshAstCommand {
                    assignments: [],
                    name: Some(
                        Literal(
                            "grep",
                        ),
                    ),
                    args: [
                        Literal(
                            "-qF",
                        ),
                        SingleQuoted(
                            "mise use -g --quiet \"aqua:some/other\" || exit 1",
                        ),
                        DoubleQuoted(
                            Concat(
                                [
                                    Variable(
                                        "bin_dir",
                                    ),
                                    Literal(
                                        "/bare-exec-era",
                                    ),
                                ],
                            ),
                        ),
                    ],
                },
            ),
            operator: Or,
            right: Command(
                CshAstCommand {
                    assignments: [],
                    name: Some(
                        Literal(
                            "fail",
                        ),
                    ),
                    args: [
                        DoubleQuoted(
                            Literal(
                                "migration rewrites a wrapper on the bare-exec template",
                            ),
                        ),
                    ],
                },
            ),
        },
        Binary {
            left: Command(
                CshAstCommand {
                    assignments: [],
                    name: Some(
                        Literal(
                            "grep",
                        ),
                    ),
                    args: [
                        Literal(
                            "-qF",
                        ),
                        SingleQuoted(
                            "exec mise x \"aqua:some/other\" -- \"other-bin\" \"$@\"",
                        ),
                        DoubleQuoted(
                            Concat(
                                [
                                    Variable(
                                        "bin_dir",
                                    ),
                                    Literal(
                                        "/bare-exec-era",
                                    ),
                                ],
                            ),
                        ),
                    ],
                },
            ),
            operator: Or,
            right: Command(
                CshAstCommand {
                    assignments: [],
                    name: Some(
                        Literal(
                            "fail",
                        ),
                    ),
                    args: [
                        DoubleQuoted(
                            Literal(
                                "migration keeps the bin name from a bare-exec wrapper",
                            ),
                        ),
                    ],
                },
            ),
        },
        Command(
            CshAstCommand {
                assignments: [],
                name: Some(
                    Literal(
                        "pass",
                    ),
                ),
                args: [
                    DoubleQuoted(
                        Literal(
                            "migration rewrites every generated form that predates --quiet",
                        ),
                    ),
                ],
            },
        ),
        Binary {
            left: Test(
                Concat(
                    [
                        Literal(
                            " -x ",
                        ),
                        Variable(
                            "bin_dir",
                        ),
                        Literal(
                            "/claude ",
                        ),
                    ],
                ),
            ),
            operator: Or,
            right: Command(
                CshAstCommand {
                    assignments: [],
                    name: Some(
                        Literal(
                            "fail",
                        ),
                    ),
                    args: [
                        DoubleQuoted(
                            Literal(
                                "migration leaves the rewritten wrapper executable",
                            ),
                        ),
                    ],
                },
            ),
        },
        Command(
            CshAstCommand {
                assignments: [],
                name: Some(
                    Literal(
                        "pass",
                    ),
                ),
                args: [
                    DoubleQuoted(
                        Literal(
                            "migration leaves the rewritten wrapper executable",
                        ),
                    ),
                ],
            },
        ),
        Command(
            CshAstCommand {
                assignments: [
                    CshAstAssignment {
                        name: "before",
                        value: CommandSubstitution {
                            commands: [
                                Command(
                                    CshAstCommand {
                                        assignments: [],
                                        name: Some(
                                            Literal(
                                                "cat",
                                            ),
                                        ),
                                        args: [
                                            DoubleQuoted(
                                                Concat(
                                                    [
                                                        Variable(
                                                            "bin_dir",
                                                        ),
                                                        Literal(
                                                            "/claude",
                                                        ),
                                                    ],
                                                ),
                                            ),
                                        ],
                                    },
                                ),
                            ],
                            backticks: false,
                        },
                    },
                ],
                name: None,
                args: [],
            },
        ),
        Command(
            CshAstCommand {
                assignments: [],
                name: Some(
                    Literal(
                        "run_migration",
                    ),
                ),
                args: [],
            },
        ),
        Binary {
            left: Test(
                Concat(
                    [
                        Literal(
                            " ",
                        ),
                        CommandSubstitution {
                            commands: [
                                Command(
                                    CshAstCommand {
                                        assignments: [],
                                        name: Some(
                                            Literal(
                                                "cat",
                                            ),
                                        ),
                                        args: [
                                            DoubleQuoted(
                                                Concat(
                                                    [
                                                        Variable(
                                                            "bin_dir",
                                                        ),
                                                        Literal(
                                                            "/claude",
                                                        ),
                                                    ],
                                                ),
                                            ),
                                        ],
                                    },
                                ),
                            ],
                            backticks: false,
                        },
                        Literal(
                            " == ",
                        ),
                        DoubleQuoted(
                            Variable(
                                "before",
                            ),
                        ),
                        Literal(
                            " ",
                        ),
                    ],
                ),
            ),
            operator: Or,
            right: Command(
                CshAstCommand {
                    assignments: [],
                    name: Some(
                        Literal(
                            "fail",
                        ),
                    ),
                    args: [
                        DoubleQuoted(
                            Literal(
                                "migration is idempotent",
                            ),
                        ),
                    ],
                },
            ),
        },
        Command(
            CshAstCommand {
                assignments: [],
                name: Some(
                    Literal(
                        "pass",
                    ),
                ),
                args: [
                    DoubleQuoted(
                        Literal(
                            "migration is idempotent",
                        ),
                    ),
                ],
            },
        ),
        Redirected {
            expression: Command(
                CshAstCommand {
                    assignments: [],
                    name: Some(
                        Literal(
                            "cat",
                        ),
                    ),
                    args: [],
                },
            ),
            redirects: [
                CshAstRedirect {
                    descriptor: None,
                    operator: ">",
                    target: DoubleQuoted(
                        Concat(
                            [
                                Variable(
                                    "bin_dir",
                                ),
                                Literal(
                                    "/hand-written",
                                ),
                            ],
                        ),
                    ),
                },
                CshAstRedirect {
                    descriptor: None,
                    operator: "<<",
                    target: Literal(
                        "EOF",
                    ),
                    here_document: 4,
                },
            ],
        },
        Redirected {
            expression: Command(
                CshAstCommand {
                    assignments: [],
                    name: Some(
                        Literal(
                            "cat",
                        ),
                    ),
                    args: [],
                },
            ),
            redirects: [
                CshAstRedirect {
                    descriptor: None,
                    operator: ">",
                    target: DoubleQuoted(
                        Concat(
                            [
                                Variable(
                                    "bin_dir",
                                ),
                                Literal(
                                    "/mismatched",
                                ),
                            ],
                        ),
                    ),
                },
                CshAstRedirect {
                    descriptor: None,
                    operator: "<<",
                    target: Literal(
                        "EOF",
                    ),
                    here_document: 5,
                },
            ],
        },
        Redirected {
            expression: Command(
                CshAstCommand {
                    assignments: [],
                    name: Some(
                        Literal(
                            "cat",
                        ),
                    ),
                    args: [],
                },
            ),
            redirects: [
                CshAstRedirect {
                    descriptor: None,
                    operator: ">",
                    target: DoubleQuoted(
                        Concat(
                            [
                                Variable(
                                    "bin_dir",
                                ),
                                Literal(
                                    "/customized",
                                ),
                            ],
                        ),
                    ),
                },
                CshAstRedirect {
                    descriptor: None,
                    operator: "<<",
                    target: Literal(
                        "EOF",
                    ),
                    here_document: 6,
                },
            ],
        },
        Redirected {
            expression: Command(
                CshAstCommand {
                    assignments: [],
                    name: Some(
                        Literal(
                            "printf",
                        ),
                    ),
                    args: [
                        SingleQuoted(
                            "#!/bin/bash\\necho hi\\n",
                        ),
                    ],
                },
            ),
            redirects: [
                CshAstRedirect {
                    descriptor: None,
                    operator: ">",
                    target: DoubleQuoted(
                        Concat(
                            [
                                Variable(
                                    "bin_dir",
                                ),
                                Literal(
                                    "/unrelated",
                                ),
                            ],
                        ),
                    ),
                },
            ],
        },
        Redirected {
            expression: Command(
                CshAstCommand {
                    assignments: [],
                    name: Some(
                        Literal(
                            "head",
                        ),
                    ),
                    args: [
                        Literal(
                            "-c",
                        ),
                        Literal(
                            "5000000",
                        ),
                        Literal(
                            "/dev/urandom",
                        ),
                    ],
                },
            ),
            redirects: [
                CshAstRedirect {
                    descriptor: None,
                    operator: ">",
                    target: DoubleQuoted(
                        Concat(
                            [
                                Variable(
                                    "bin_dir",
                                ),
                                Literal(
                                    "/uv",
                                ),
                            ],
                        ),
                    ),
                },
            ],
        },
        Command(
            CshAstCommand {
                assignments: [],
                name: Some(
                    Literal(
                        "chmod",
                    ),
                ),
                args: [
                    Literal(
                        "+x",
                    ),
                    DoubleQuoted(
                        Concat(
                            [
                                Variable(
                                    "bin_dir",
                                ),
                                Literal(
                                    "/uv",
                                ),
                            ],
                        ),
                    ),
                ],
            },
        ),
        Command(
            CshAstCommand {
                assignments: [],
                name: Some(
                    Literal(
                        "ln",
                    ),
                ),
                args: [
                    Literal(
                        "-s",
                    ),
                    DoubleQuoted(
                        Concat(
                            [
                                Variable(
                                    "bin_dir",
                                ),
                                Literal(
                                    "/claude",
                                ),
                            ],
                        ),
                    ),
                    DoubleQuoted(
                        Concat(
                            [
                                Variable(
                                    "bin_dir",
                                ),
                                Literal(
                                    "/linked",
                                ),
                            ],
                        ),
                    ),
                ],
            },
        ),
        Command(
            CshAstCommand {
                assignments: [
                    CshAstAssignment {
                        name: "hand_written_before",
                        value: CommandSubstitution {
                            commands: [
                                Command(
                                    CshAstCommand {
                                        assignments: [],
                                        name: Some(
                                            Literal(
                                                "cat",
                                            ),
                                        ),
                                        args: [
                                            DoubleQuoted(
                                                Concat(
                                                    [
                                                        Variable(
                                                            "bin_dir",
                                                        ),
                                                        Literal(
                                                            "/hand-written",
                                                        ),
                                                    ],
                                                ),
                                            ),
                                        ],
                                    },
                                ),
                            ],
                            backticks: false,
                        },
                    },
                ],
                name: None,
                args: [],
            },
        ),
        Command(
            CshAstCommand {
                assignments: [
                    CshAstAssignment {
                        name: "mismatched_before",
                        value: CommandSubstitution {
                            commands: [
                                Command(
                                    CshAstCommand {
                                        assignments: [],
                                        name: Some(
                                            Literal(
                                                "cat",
                                            ),
                                        ),
                                        args: [
                                            DoubleQuoted(
                                                Concat(
                                                    [
                                                        Variable(
                                                            "bin_dir",
                                                        ),
                                                        Literal(
                                                            "/mismatched",
                                                        ),
                                                    ],
                                                ),
                                            ),
                                        ],
                                    },
                                ),
                            ],
                            backticks: false,
                        },
                    },
                ],
                name: None,
                args: [],
            },
        ),
        Command(
            CshAstCommand {
                assignments: [
                    CshAstAssignment {
                        name: "unrelated_before",
                        value: CommandSubstitution {
                            commands: [
                                Command(
                                    CshAstCommand {
                                        assignments: [],
                                        name: Some(
                                            Literal(
                                                "cat",
                                            ),
                                        ),
                                        args: [
                                            DoubleQuoted(
                                                Concat(
                                                    [
                                                        Variable(
                                                            "bin_dir",
                                                        ),
                                                        Literal(
                                                            "/unrelated",
                                                        ),
                                                    ],
                                                ),
                                            ),
                                        ],
                                    },
                                ),
                            ],
                            backticks: false,
                        },
                    },
                ],
                name: None,
                args: [],
            },
        ),
        Command(
            CshAstCommand {
                assignments: [
                    CshAstAssignment {
                        name: "customized_before",
                        value: CommandSubstitution {
                            commands: [
                                Command(
                                    CshAstCommand {
                                        assignments: [],
                                        name: Some(
                                            Literal(
                                                "cat",
                                            ),
                                        ),
                                        args: [
                                            DoubleQuoted(
                                                Concat(
                                                    [
                                                        Variable(
                                                            "bin_dir",
                                                        ),
                                                        Literal(
                                                            "/customized",
                                                        ),
                                                    ],
                                                ),
                                            ),
                                        ],
                                    },
                                ),
                            ],
                            backticks: false,
                        },
                    },
                ],
                name: None,
                args: [],
            },
        ),
        Command(
            CshAstCommand {
                assignments: [],
                name: Some(
                    Literal(
                        "run_migration",
                    ),
                ),
                args: [],
            },
        ),
        Binary {
            left: Test(
                Concat(
                    [
                        Literal(
                            " ",
                        ),
                        CommandSubstitution {
                            commands: [
                                Command(
                                    CshAstCommand {
                                        assignments: [],
                                        name: Some(
                                            Literal(
                                                "cat",
                                            ),
                                        ),
                                        args: [
                                            DoubleQuoted(
                                                Concat(
                                                    [
                                                        Variable(
                                                            "bin_dir",
                                                        ),
                                                        Literal(
                                                            "/hand-written",
                                                        ),
                                                    ],
                                                ),
                                            ),
                                        ],
                                    },
                                ),
                            ],
                            backticks: false,
                        },
                        Literal(
                            " == ",
                        ),
                        DoubleQuoted(
                            Variable(
                                "hand_written_before",
                            ),
                        ),
                        Literal(
                            " ",
                        ),
                    ],
                ),
            ),
            operator: Or,
            right: Command(
                CshAstCommand {
                    assignments: [],
                    name: Some(
                        Literal(
                            "fail",
                        ),
                    ),
                    args: [
                        DoubleQuoted(
                            Literal(
                                "migration leaves a hand-written script that calls mise alone",
                            ),
                        ),
                    ],
                },
            ),
        },
        Binary {
            left: Test(
                Concat(
                    [
                        Literal(
                            " ",
                        ),
                        CommandSubstitution {
                            commands: [
                                Command(
                                    CshAstCommand {
                                        assignments: [],
                                        name: Some(
                                            Literal(
                                                "cat",
                                            ),
                                        ),
                                        args: [
                                            DoubleQuoted(
                                                Concat(
                                                    [
                                                        Variable(
                                                            "bin_dir",
                                                        ),
                                                        Literal(
                                                            "/mismatched",
                                                        ),
                                                    ],
                                                ),
                                            ),
                                        ],
                                    },
                                ),
                            ],
                            backticks: false,
                        },
                        Literal(
                            " == ",
                        ),
                        DoubleQuoted(
                            Variable(
                                "mismatched_before",
                            ),
                        ),
                        Literal(
                            " ",
                        ),
                    ],
                ),
            ),
            operator: Or,
            right: Command(
                CshAstCommand {
                    assignments: [],
                    name: Some(
                        Literal(
                            "fail",
                        ),
                    ),
                    args: [
                        DoubleQuoted(
                            Literal(
                                "migration leaves a wrapper whose two lines disagree alone",
                            ),
                        ),
                    ],
                },
            ),
        },
        Binary {
            left: Test(
                Concat(
                    [
                        Literal(
                            " ",
                        ),
                        CommandSubstitution {
                            commands: [
                                Command(
                                    CshAstCommand {
                                        assignments: [],
                                        name: Some(
                                            Literal(
                                                "cat",
                                            ),
                                        ),
                                        args: [
                                            DoubleQuoted(
                                                Concat(
                                                    [
                                                        Variable(
                                                            "bin_dir",
                                                        ),
                                                        Literal(
                                                            "/unrelated",
                                                        ),
                                                    ],
                                                ),
                                            ),
                                        ],
                                    },
                                ),
                            ],
                            backticks: false,
                        },
                        Literal(
                            " == ",
                        ),
                        DoubleQuoted(
                            Variable(
                                "unrelated_before",
                            ),
                        ),
                        Literal(
                            " ",
                        ),
                    ],
                ),
            ),
            operator: Or,
            right: Command(
                CshAstCommand {
                    assignments: [],
                    name: Some(
                        Literal(
                            "fail",
                        ),
                    ),
                    args: [
                        DoubleQuoted(
                            Literal(
                                "migration leaves an unrelated script alone",
                            ),
                        ),
                    ],
                },
            ),
        },
        Binary {
            left: Test(
                Concat(
                    [
                        Literal(
                            " ",
                        ),
                        CommandSubstitution {
                            commands: [
                                Command(
                                    CshAstCommand {
                                        assignments: [],
                                        name: Some(
                                            Literal(
                                                "cat",
                                            ),
                                        ),
                                        args: [
                                            DoubleQuoted(
                                                Concat(
                                                    [
                                                        Variable(
                                                            "bin_dir",
                                                        ),
                                                        Literal(
                                                            "/customized",
                                                        ),
                                                    ],
                                                ),
                                            ),
                                        ],
                                    },
                                ),
                            ],
                            backticks: false,
                        },
                        Literal(
                            " == ",
                        ),
                        DoubleQuoted(
                            Variable(
                                "customized_before",
                            ),
                        ),
                        Literal(
                            " ",
                        ),
                    ],
                ),
            ),
            operator: Or,
            right: Command(
                CshAstCommand {
                    assignments: [],
                    name: Some(
                        Literal(
                            "fail",
                        ),
                    ),
                    args: [
                        DoubleQuoted(
                            Literal(
                                "migration leaves a generated wrapper a user has added a line to alone",
                            ),
                        ),
                    ],
                },
            ),
        },
        Binary {
            left: Test(
                Concat(
                    [
                        Literal(
                            " -L ",
                        ),
                        Variable(
                            "bin_dir",
                        ),
                        Literal(
                            "/linked ",
                        ),
                    ],
                ),
            ),
            operator: Or,
            right: Command(
                CshAstCommand {
                    assignments: [],
                    name: Some(
                        Literal(
                            "fail",
                        ),
                    ),
                    args: [
                        DoubleQuoted(
                            Literal(
                                "migration leaves a symlink alone",
                            ),
                        ),
                    ],
                },
            ),
        },
        Binary {
            left: Test(
                Concat(
                    [
                        Literal(
                            " ",
                        ),
                        CommandSubstitution {
                            commands: [
                                Command(
                                    CshAstCommand {
                                        assignments: [],
                                        name: Some(
                                            Literal(
                                                "stat",
                                            ),
                                        ),
                                        args: [
                                            Literal(
                                                "-c%s",
                                            ),
                                            DoubleQuoted(
                                                Concat(
                                                    [
                                                        Variable(
                                                            "bin_dir",
                                                        ),
                                                        Literal(
                                                            "/uv",
                                                        ),
                                                    ],
                                                ),
                                            ),
                                        ],
                                    },
                                ),
                            ],
                            backticks: false,
                        },
                        Literal(
                            " -eq 5000000 ",
                        ),
                    ],
                ),
            ),
            operator: Or,
            right: Command(
                CshAstCommand {
                    assignments: [],
                    name: Some(
                        Literal(
                            "fail",
                        ),
                    ),
                    args: [
                        DoubleQuoted(
                            Literal(
                                "migration leaves a native binary alone",
                            ),
                        ),
                    ],
                },
            ),
        },
        Command(
            CshAstCommand {
                assignments: [],
                name: Some(
                    Literal(
                        "pass",
                    ),
                ),
                args: [
                    DoubleQuoted(
                        Literal(
                            "migration only rewrites wrappers it recognizes",
                        ),
                    ),
                ],
            },
        ),
        Command(
            CshAstCommand {
                assignments: [
                    CshAstAssignment {
                        name: "empty_home",
                        value: DoubleQuoted(
                            Concat(
                                [
                                    Variable(
                                        "test_dir",
                                    ),
                                    Literal(
                                        "/empty-home",
                                    ),
                                ],
                            ),
                        ),
                    },
                ],
                name: None,
                args: [],
            },
        ),
        Command(
            CshAstCommand {
                assignments: [],
                name: Some(
                    Literal(
                        "mkdir",
                    ),
                ),
                args: [
                    Literal(
                        "-p",
                    ),
                    DoubleQuoted(
                        Variable(
                            "empty_home",
                        ),
                    ),
                ],
            },
        ),
        Binary {
            left: Redirected {
                expression: Command(
                    CshAstCommand {
                        assignments: [
                            CshAstAssignment {
                                name: "HOME",
                                value: DoubleQuoted(
                                    Variable(
                                        "empty_home",
                                    ),
                                ),
                            },
                            CshAstAssignment {
                                name: "PATH",
                                value: DoubleQuoted(
                                    Concat(
                                        [
                                            Variable(
                                                "ROOT",
                                            ),
                                            Literal(
                                                "/bin:",
                                            ),
                                            Variable(
                                                "PATH",
                                            ),
                                        ],
                                    ),
                                ),
                            },
                        ],
                        name: Some(
                            Literal(
                                "bash",
                            ),
                        ),
                        args: [
                            Literal(
                                "-euo",
                            ),
                            Literal(
                                "pipefail",
                            ),
                            DoubleQuoted(
                                Variable(
                                    "migration",
                                ),
                            ),
                        ],
                    },
                ),
                redirects: [
                    CshAstRedirect {
                        descriptor: None,
                        operator: ">",
                        target: Literal(
                            "/dev/null",
                        ),
                    },
                ],
            },
            operator: Or,
            right: Command(
                CshAstCommand {
                    assignments: [],
                    name: Some(
                        Literal(
                            "fail",
                        ),
                    ),
                    args: [
                        DoubleQuoted(
                            Literal(
                                "migration succeeds when ~/.local/bin is missing",
                            ),
                        ),
                    ],
                },
            ),
        },
        Command(
            CshAstCommand {
                assignments: [],
                name: Some(
                    Literal(
                        "pass",
                    ),
                ),
                args: [
                    DoubleQuoted(
                        Literal(
                            "migration succeeds when ~/.local/bin is missing",
                        ),
                    ),
                ],
            },
        ),
    ],
    here_documents: [
        CshAstHereDocument {
            delimiter: "EOF",
            quoted: false,
            strip_tabs: false,
            body: "#!/bin/bash\nexport MISE_MINIMUM_RELEASE_AGE=0\nmise use -g \"$package\" || exit 1\nexec mise x \"$package\" -- \"$bin\" \"\\$@\"\n",
        },
        CshAstHereDocument {
            delimiter: "EOF",
            quoted: false,
            strip_tabs: false,
            body: "#!/bin/bash\nmise use -g \"$package\" || exit 1\nexec mise x \"$package\" -- \"$bin\" \"\\$@\"\n",
        },
        CshAstHereDocument {
            delimiter: "EOF",
            quoted: true,
            strip_tabs: false,
            body: "#!/bin/bash\nmise use -g \"npm:some/tool\"\nexec mise exec \"npm:some/tool\" -- \"tool-bin\" \"$@\"\n",
        },
        CshAstHereDocument {
            delimiter: "EOF",
            quoted: true,
            strip_tabs: false,
            body: "#!/bin/bash\nmise use -g \"aqua:some/other\"\nexec \"other-bin\" \"$@\"\n",
        },
        CshAstHereDocument {
            delimiter: "EOF",
            quoted: true,
            strip_tabs: false,
            body: "#!/bin/bash\nexport MISE_MINIMUM_RELEASE_AGE=0\nmise use -g \"something\" || exit 1\necho \"and then something else entirely\"\n",
        },
        CshAstHereDocument {
            delimiter: "EOF",
            quoted: true,
            strip_tabs: false,
            body: "#!/bin/bash\nexport MISE_MINIMUM_RELEASE_AGE=0\nmise use -g \"one-package\" || exit 1\nexec mise x \"another-package\" -- \"bin\" \"$@\"\n",
        },
        CshAstHereDocument {
            delimiter: "EOF",
            quoted: true,
            strip_tabs: false,
            body: "#!/bin/bash\nexport MISE_MINIMUM_RELEASE_AGE=0\nexport SOME_TOKEN=abc123\nmise use -g \"customized\" || exit 1\nexec mise x \"customized\" -- \"customized\" \"$@\"\n",
        },
    ],
}
