---
source: pkgs/core/src/parser/mod.rs
description: "@omacom/omarchy/migrations/1781158082.sh"
expression: ast
---
CshAst {
    commands: [
        Command(
            CshAstCommand {
                assignments: [],
                name: "echo",
                args: [
                    "Relink Neovim theme to Omarchy current state",
                ],
            },
        ),
        Command(
            CshAstCommand {
                assignments: [
                    CshAstAssignment {
                        name: "theme_link",
                        value: "$HOME/.config/nvim/lua/plugins/theme.lua",
                    },
                ],
                name: "",
                args: [],
            },
        ),
        Command(
            CshAstCommand {
                assignments: [
                    CshAstAssignment {
                        name: "legacy_absolute_target",
                        value: "$HOME/.config/omarchy/current/theme/neovim.lua",
                    },
                ],
                name: "",
                args: [],
            },
        ),
        Command(
            CshAstCommand {
                assignments: [
                    CshAstAssignment {
                        name: "legacy_relative_target",
                        value: "../../../omarchy/current/theme/neovim.lua",
                    },
                ],
                name: "",
                args: [],
            },
        ),
        Command(
            CshAstCommand {
                assignments: [
                    CshAstAssignment {
                        name: "legacy_home_target",
                        value: "~/.config/omarchy/current/theme/neovim.lua",
                    },
                ],
                name: "",
                args: [],
            },
        ),
        Command(
            CshAstCommand {
                assignments: [
                    CshAstAssignment {
                        name: "current_relative_target",
                        value: "../../../../.local/state/omarchy/current/theme/neovim.lua",
                    },
                ],
                name: "",
                args: [],
            },
        ),
        Binary {
            left: Test(
                " -L $theme_link ",
            ),
            operator: Or,
            right: Command(
                CshAstCommand {
                    assignments: [],
                    name: "exit",
                    args: [
                        "0",
                    ],
                },
            ),
        },
        Binary {
            left: Command(
                CshAstCommand {
                    assignments: [
                        CshAstAssignment {
                            name: "target",
                            value: "$(readlink \"$theme_link\")",
                        },
                    ],
                    name: "",
                    args: [],
                },
            ),
            operator: Or,
            right: Command(
                CshAstCommand {
                    assignments: [],
                    name: "exit",
                    args: [
                        "0",
                    ],
                },
            ),
        },
        Case {
            word: "$target",
            arms: [
                CshAstCaseArm {
                    patterns: [
                        "$legacy_absolute_target",
                        "$legacy_relative_target",
                        "$legacy_home_target",
                    ],
                    body: CshAst {
                        commands: [
                            Command(
                                CshAstCommand {
                                    assignments: [],
                                    name: "ln",
                                    args: [
                                        "-sfn",
                                        "$current_relative_target",
                                        "$theme_link",
                                    ],
                                },
                            ),
                        ],
                    },
                    terminator: ";;",
                },
            ],
        },
    ],
}
