---
source: pkgs/core/src/parser/mod.rs
description: "@omacom/omarchy/install/user/hardware/asus/fix-mic.sh"
expression: ast
---
CshAst {
    commands: [
        If {
            branches: [
                CshAstBranch {
                    condition: CshAst {
                        commands: [
                            Command(
                                CshAstCommand {
                                    assignments: [],
                                    name: Some(
                                        Literal(
                                            "omarchy-hw-asus-rog",
                                        ),
                                    ),
                                    args: [],
                                },
                            ),
                        ],
                    },
                    body: CshAst {
                        commands: [
                            For {
                                variable: "card",
                                words: Some(
                                    [
                                        Concat(
                                            [
                                                Literal(
                                                    "/proc/asound/card",
                                                ),
                                                Glob(
                                                    Star,
                                                ),
                                                Literal(
                                                    "/codec",
                                                ),
                                                Glob(
                                                    Star,
                                                ),
                                            ],
                                        ),
                                    ],
                                ),
                                body: CshAst {
                                    commands: [
                                        If {
                                            branches: [
                                                CshAstBranch {
                                                    condition: CshAst {
                                                        commands: [
                                                            Redirected {
                                                                expression: Command(
                                                                    CshAstCommand {
                                                                        assignments: [],
                                                                        name: Some(
                                                                            Literal(
                                                                                "grep",
                                                                            ),
                                                                        ),
                                                                        args: [
                                                                            Literal(
                                                                                "-q",
                                                                            ),
                                                                            DoubleQuoted(
                                                                                Literal(
                                                                                    "ALC285",
                                                                                ),
                                                                            ),
                                                                            DoubleQuoted(
                                                                                Variable(
                                                                                    "card",
                                                                                ),
                                                                            ),
                                                                        ],
                                                                    },
                                                                ),
                                                                redirects: [
                                                                    CshAstRedirect {
                                                                        descriptor: Some(
                                                                            "2",
                                                                        ),
                                                                        operator: ">",
                                                                        target: Literal(
                                                                            "/dev/null",
                                                                        ),
                                                                    },
                                                                ],
                                                            },
                                                        ],
                                                    },
                                                    body: CshAst {
                                                        commands: [
                                                            Command(
                                                                CshAstCommand {
                                                                    assignments: [
                                                                        CshAstAssignment {
                                                                            name: "cardnum",
                                                                            operator: Set,
                                                                            value: CommandSubstitution {
                                                                                commands: [
                                                                                    Binary {
                                                                                        left: Command(
                                                                                            CshAstCommand {
                                                                                                assignments: [],
                                                                                                name: Some(
                                                                                                    Literal(
                                                                                                        "echo",
                                                                                                    ),
                                                                                                ),
                                                                                                args: [
                                                                                                    DoubleQuoted(
                                                                                                        Variable(
                                                                                                            "card",
                                                                                                        ),
                                                                                                    ),
                                                                                                ],
                                                                                            },
                                                                                        ),
                                                                                        operator: Pipe,
                                                                                        right: Command(
                                                                                            CshAstCommand {
                                                                                                assignments: [],
                                                                                                name: Some(
                                                                                                    Literal(
                                                                                                        "grep",
                                                                                                    ),
                                                                                                ),
                                                                                                args: [
                                                                                                    Literal(
                                                                                                        "-oP",
                                                                                                    ),
                                                                                                    SingleQuoted(
                                                                                                        "card\\K\\d+",
                                                                                                    ),
                                                                                                ],
                                                                                            },
                                                                                        ),
                                                                                    },
                                                                                ],
                                                                                backticks: false,
                                                                            },
                                                                        },
                                                                    ],
                                                                    name: None,
                                                                    args: [],
                                                                },
                                                            ),
                                                            Binary {
                                                                left: Redirected {
                                                                    expression: Command(
                                                                        CshAstCommand {
                                                                            assignments: [],
                                                                            name: Some(
                                                                                Literal(
                                                                                    "amixer",
                                                                                ),
                                                                            ),
                                                                            args: [
                                                                                Literal(
                                                                                    "-c",
                                                                                ),
                                                                                DoubleQuoted(
                                                                                    Variable(
                                                                                        "cardnum",
                                                                                    ),
                                                                                ),
                                                                                Literal(
                                                                                    "set",
                                                                                ),
                                                                                SingleQuoted(
                                                                                    "Internal Mic Boost",
                                                                                ),
                                                                                Literal(
                                                                                    "0",
                                                                                ),
                                                                            ],
                                                                        },
                                                                    ),
                                                                    redirects: [
                                                                        CshAstRedirect {
                                                                            descriptor: None,
                                                                            operator: ">",
                                                                            target: Literal(
                                                                                "/dev/null",
                                                                            ),
                                                                        },
                                                                        CshAstRedirect {
                                                                            descriptor: Some(
                                                                                "2",
                                                                            ),
                                                                            operator: ">&",
                                                                            target: Literal(
                                                                                "1",
                                                                            ),
                                                                        },
                                                                    ],
                                                                },
                                                                operator: Or,
                                                                right: Command(
                                                                    CshAstCommand {
                                                                        assignments: [],
                                                                        name: Some(
                                                                            Literal(
                                                                                "true",
                                                                            ),
                                                                        ),
                                                                        args: [],
                                                                    },
                                                                ),
                                                            },
                                                            Binary {
                                                                left: Redirected {
                                                                    expression: Command(
                                                                        CshAstCommand {
                                                                            assignments: [],
                                                                            name: Some(
                                                                                Literal(
                                                                                    "amixer",
                                                                                ),
                                                                            ),
                                                                            args: [
                                                                                Literal(
                                                                                    "-c",
                                                                                ),
                                                                                DoubleQuoted(
                                                                                    Variable(
                                                                                        "cardnum",
                                                                                    ),
                                                                                ),
                                                                                Literal(
                                                                                    "set",
                                                                                ),
                                                                                SingleQuoted(
                                                                                    "Capture",
                                                                                ),
                                                                                Literal(
                                                                                    "70%",
                                                                                ),
                                                                                Literal(
                                                                                    "unmute",
                                                                                ),
                                                                            ],
                                                                        },
                                                                    ),
                                                                    redirects: [
                                                                        CshAstRedirect {
                                                                            descriptor: None,
                                                                            operator: ">",
                                                                            target: Literal(
                                                                                "/dev/null",
                                                                            ),
                                                                        },
                                                                        CshAstRedirect {
                                                                            descriptor: Some(
                                                                                "2",
                                                                            ),
                                                                            operator: ">&",
                                                                            target: Literal(
                                                                                "1",
                                                                            ),
                                                                        },
                                                                    ],
                                                                },
                                                                operator: Or,
                                                                right: Command(
                                                                    CshAstCommand {
                                                                        assignments: [],
                                                                        name: Some(
                                                                            Literal(
                                                                                "true",
                                                                            ),
                                                                        ),
                                                                        args: [],
                                                                    },
                                                                ),
                                                            },
                                                            Binary {
                                                                left: Redirected {
                                                                    expression: Command(
                                                                        CshAstCommand {
                                                                            assignments: [],
                                                                            name: Some(
                                                                                Literal(
                                                                                    "sudo",
                                                                                ),
                                                                            ),
                                                                            args: [
                                                                                Literal(
                                                                                    "alsactl",
                                                                                ),
                                                                                Literal(
                                                                                    "store",
                                                                                ),
                                                                                DoubleQuoted(
                                                                                    Variable(
                                                                                        "cardnum",
                                                                                    ),
                                                                                ),
                                                                            ],
                                                                        },
                                                                    ),
                                                                    redirects: [
                                                                        CshAstRedirect {
                                                                            descriptor: Some(
                                                                                "2",
                                                                            ),
                                                                            operator: ">",
                                                                            target: Literal(
                                                                                "/dev/null",
                                                                            ),
                                                                        },
                                                                    ],
                                                                },
                                                                operator: Or,
                                                                right: Command(
                                                                    CshAstCommand {
                                                                        assignments: [],
                                                                        name: Some(
                                                                            Literal(
                                                                                "true",
                                                                            ),
                                                                        ),
                                                                        args: [],
                                                                    },
                                                                ),
                                                            },
                                                            Command(
                                                                CshAstCommand {
                                                                    assignments: [],
                                                                    name: Some(
                                                                        Literal(
                                                                            "break",
                                                                        ),
                                                                    ),
                                                                    args: [],
                                                                },
                                                            ),
                                                        ],
                                                    },
                                                },
                                            ],
                                            otherwise: None,
                                        },
                                    ],
                                },
                            },
                        ],
                    },
                },
            ],
            otherwise: None,
        },
    ],
}
