---
source: pkgs/core/src/parser/mod.rs
description: "@omacom/omarchy/test/shell.d/update-disk-space-test.sh"
expression: ast
---
CshAst {
    commands: [
        Command(
            CshAstCommand {
                assignments: [],
                name: "set",
                args: [
                    "-euo",
                    "pipefail",
                ],
            },
        ),
        Command(
            CshAstCommand {
                assignments: [],
                name: "source",
                args: [
                    "$(dirname \"$0\")/base-test.sh",
                ],
            },
        ),
        Command(
            CshAstCommand {
                assignments: [],
                name: "unset",
                args: [
                    "GUM_STATUS",
                ],
            },
        ),
        Command(
            CshAstCommand {
                assignments: [],
                name: "unset",
                args: [
                    "OMARCHY_UPDATE_FORCE",
                ],
            },
        ),
        Command(
            CshAstCommand {
                assignments: [],
                name: "unset",
                args: [
                    "TEST_AVAILABLE_BYTES",
                ],
            },
        ),
        Command(
            CshAstCommand {
                assignments: [],
                name: "unset",
                args: [
                    "TEST_DF_INVALID",
                ],
            },
        ),
        Command(
            CshAstCommand {
                assignments: [
                    CshAstAssignment {
                        name: "test_tmp",
                        value: "$(mktemp -d)",
                    },
                ],
                name: "",
                args: [],
            },
        ),
        Command(
            CshAstCommand {
                assignments: [],
                name: "trap",
                args: [
                    "rm -rf \"$test_tmp\"",
                    "EXIT",
                ],
            },
        ),
        Command(
            CshAstCommand {
                assignments: [
                    CshAstAssignment {
                        name: "stub_bin",
                        value: "$test_tmp/bin",
                    },
                ],
                name: "",
                args: [],
            },
        ),
        Command(
            CshAstCommand {
                assignments: [
                    CshAstAssignment {
                        name: "test_home",
                        value: "$test_tmp/home",
                    },
                ],
                name: "",
                args: [],
            },
        ),
        Command(
            CshAstCommand {
                assignments: [
                    CshAstAssignment {
                        name: "runtime_dir",
                        value: "$test_tmp/runtime",
                    },
                ],
                name: "",
                args: [],
            },
        ),
        Command(
            CshAstCommand {
                assignments: [
                    CshAstAssignment {
                        name: "snapshot_marker",
                        value: "$test_tmp/snapshot",
                    },
                ],
                name: "",
                args: [],
            },
        ),
        Command(
            CshAstCommand {
                assignments: [
                    CshAstAssignment {
                        name: "gum_marker",
                        value: "$test_tmp/gum",
                    },
                ],
                name: "",
                args: [],
            },
        ),
        Command(
            CshAstCommand {
                assignments: [],
                name: "mkdir",
                args: [
                    "-p",
                    "$stub_bin",
                    "$test_home",
                    "$runtime_dir",
                ],
            },
        ),
        Function {
            name: "run_update",
            body: Group(
                CshAst {
                    commands: [
                        Command(
                            CshAstCommand {
                                assignments: [
                                    CshAstAssignment {
                                        name: "HOME",
                                        value: "$test_home",
                                    },
                                    CshAstAssignment {
                                        name: "XDG_RUNTIME_DIR",
                                        value: "$runtime_dir",
                                    },
                                    CshAstAssignment {
                                        name: "PATH",
                                        value: "$stub_bin:$ROOT/bin:$PATH",
                                    },
                                    CshAstAssignment {
                                        name: "LC_ALL",
                                        value: "C",
                                    },
                                    CshAstAssignment {
                                        name: "OMARCHY_UPDATE_LOGGED",
                                        value: "1",
                                    },
                                    CshAstAssignment {
                                        name: "TEST_AVAILABLE_BYTES",
                                        value: "${TEST_AVAILABLE_BYTES:-$((9 * 1024 * 1024 * 1024))}",
                                    },
                                    CshAstAssignment {
                                        name: "TEST_DF_INVALID",
                                        value: "${TEST_DF_INVALID:-0}",
                                    },
                                    CshAstAssignment {
                                        name: "SNAPSHOT_MARKER",
                                        value: "$snapshot_marker",
                                    },
                                    CshAstAssignment {
                                        name: "GUM_MARKER",
                                        value: "$gum_marker",
                                    },
                                    CshAstAssignment {
                                        name: "GUM_STATUS",
                                        value: "${GUM_STATUS:-1}",
                                    },
                                ],
                                name: "$ROOT/bin/omarchy-update",
                                args: [
                                    "$@",
                                ],
                            },
                        ),
                    ],
                },
            ),
        },
        Function {
            name: "write_stub",
            body: Group(
                CshAst {
                    commands: [
                        Command(
                            CshAstCommand {
                                assignments: [],
                                name: "local",
                                args: [
                                    "name=$1",
                                ],
                            },
                        ),
                        Command(
                            CshAstCommand {
                                assignments: [],
                                name: "local",
                                args: [
                                    "body=$2",
                                ],
                            },
                        ),
                        Redirected {
                            expression: Command(
                                CshAstCommand {
                                    assignments: [],
                                    name: "cat",
                                    args: [],
                                },
                            ),
                            redirects: [
                                CshAstRedirect {
                                    descriptor: None,
                                    operator: ">",
                                    target: "$stub_bin/$name",
                                },
                                CshAstRedirect {
                                    descriptor: None,
                                    operator: "<<",
                                    target: "SH",
                                    here_document: 0,
                                },
                            ],
                        },
                        Command(
                            CshAstCommand {
                                assignments: [],
                                name: "chmod",
                                args: [
                                    "+x",
                                    "$stub_bin/$name",
                                ],
                            },
                        ),
                    ],
                },
            ),
        },
        Command(
            CshAstCommand {
                assignments: [],
                name: "write_stub",
                args: [
                    "df",
                    "\nif (( TEST_DF_INVALID )); then\n  printf \"Avail\\nunknown\\n\"\nelse\n  printf \"Avail\\n%s\\n\" \"$TEST_AVAILABLE_BYTES\"\nfi",
                ],
            },
        ),
        Command(
            CshAstCommand {
                assignments: [],
                name: "write_stub",
                args: [
                    "gum",
                    "\nprintf \"%s\\n\" \"$*\" >>\"$GUM_MARKER\"\nif [[ ${1:-} == \"confirm\" ]]; then\n  exit \"$GUM_STATUS\"\nfi\nexit 0",
                ],
            },
        ),
        Command(
            CshAstCommand {
                assignments: [],
                name: "write_stub",
                args: [
                    "omarchy-snapshot",
                    "\ntouch \"$SNAPSHOT_MARKER\"\nexit 0",
                ],
            },
        ),
        For {
            variable: "command",
            words: Some(
                [
                    "omarchy-cmd-present",
                    "omarchy-toggle-idle",
                    "pkexec",
                    "systemd-inhibit",
                    "omarchy-update-dev",
                    "omarchy-update-pkg-prune",
                    "omarchy-update-keyring",
                    "omarchy-update-system-pkgs",
                    "omarchy-migrate",
                    "omarchy-update-aur-pkgs",
                    "omarchy-update-mise",
                    "omarchy-update-orphan-pkgs",
                    "omarchy-hook",
                    "omarchy-update-analyze-logs",
                    "omarchy-shell",
                    "omarchy-update-restart",
                ],
            ),
            body: CshAst {
                commands: [
                    Command(
                        CshAstCommand {
                            assignments: [],
                            name: "write_stub",
                            args: [
                                "$command",
                                "exit 0",
                            ],
                        },
                    ),
                ],
            },
        },
        Command(
            CshAstCommand {
                assignments: [],
                name: "write_stub",
                args: [
                    "omarchy-update-available",
                    "exit 1",
                ],
            },
        ),
        Command(
            CshAstCommand {
                assignments: [],
                name: "write_stub",
                args: [
                    "pkexec",
                    "exec \"$@\"",
                ],
            },
        ),
        Command(
            CshAstCommand {
                assignments: [],
                name: "set",
                args: [
                    "+e",
                ],
            },
        ),
        Redirected {
            expression: Command(
                CshAstCommand {
                    assignments: [
                        CshAstAssignment {
                            name: "TEST_AVAILABLE_BYTES",
                            value: "$((9 * 1024 * 1024 * 1024))",
                        },
                        CshAstAssignment {
                            name: "PATH",
                            value: "$stub_bin:$ROOT/bin:$PATH",
                        },
                    ],
                    name: "$ROOT/bin/omarchy-update-requires-free-space",
                    args: [],
                },
            ),
            redirects: [
                CshAstRedirect {
                    descriptor: None,
                    operator: ">",
                    target: "/dev/null",
                },
            ],
        },
        Command(
            CshAstCommand {
                assignments: [
                    CshAstAssignment {
                        name: "status",
                        value: "$?",
                    },
                ],
                name: "",
                args: [],
            },
        ),
        Command(
            CshAstCommand {
                assignments: [],
                name: "set",
                args: [
                    "-e",
                ],
            },
        ),
        Binary {
            left: Arithmetic(
                " status == 1 ",
            ),
            operator: Or,
            right: Command(
                CshAstCommand {
                    assignments: [],
                    name: "fail",
                    args: [
                        "free-space helper exits non-zero when disk space is low",
                    ],
                },
            ),
        },
        Command(
            CshAstCommand {
                assignments: [],
                name: "pass",
                args: [
                    "free-space helper reports low disk space through its exit status",
                ],
            },
        ),
        Command(
            CshAstCommand {
                assignments: [],
                name: "set",
                args: [
                    "+e",
                ],
            },
        ),
        Command(
            CshAstCommand {
                assignments: [
                    CshAstAssignment {
                        name: "output",
                        value: "$(run_update -y)",
                    },
                ],
                name: "",
                args: [],
            },
        ),
        Command(
            CshAstCommand {
                assignments: [
                    CshAstAssignment {
                        name: "status",
                        value: "$?",
                    },
                ],
                name: "",
                args: [],
            },
        ),
        Command(
            CshAstCommand {
                assignments: [],
                name: "set",
                args: [
                    "-e",
                ],
            },
        ),
        Binary {
            left: Arithmetic(
                " status == 1 ",
            ),
            operator: Or,
            right: Command(
                CshAstCommand {
                    assignments: [],
                    name: "fail",
                    args: [
                        "non-interactive update exits non-zero with low disk space",
                    ],
                },
            ),
        },
        Binary {
            left: Test(
                " $output == *\"You need at least 10 GiB free to safely update Omarchy.\"* ",
            ),
            operator: Or,
            right: Command(
                CshAstCommand {
                    assignments: [],
                    name: "fail",
                    args: [
                        "low disk space emits a warning",
                    ],
                },
            ),
        },
        Binary {
            left: Test(
                " ! -f $gum_marker ",
            ),
            operator: Or,
            right: Command(
                CshAstCommand {
                    assignments: [],
                    name: "fail",
                    args: [
                        "non-interactive update does not prompt for low disk space",
                    ],
                },
            ),
        },
        Binary {
            left: Test(
                " ! -f $snapshot_marker ",
            ),
            operator: Or,
            right: Command(
                CshAstCommand {
                    assignments: [],
                    name: "fail",
                    args: [
                        "non-interactive update stops before snapshotting with low disk space",
                    ],
                },
            ),
        },
        Command(
            CshAstCommand {
                assignments: [],
                name: "pass",
                args: [
                    "non-interactive update stops with low disk space",
                ],
            },
        ),
        Command(
            CshAstCommand {
                assignments: [],
                name: "rm",
                args: [
                    "-f",
                    "$snapshot_marker",
                    "$gum_marker",
                ],
            },
        ),
        Command(
            CshAstCommand {
                assignments: [],
                name: "set",
                args: [
                    "+e",
                ],
            },
        ),
        Command(
            CshAstCommand {
                assignments: [
                    CshAstAssignment {
                        name: "output",
                        value: "$(run_update)",
                    },
                ],
                name: "",
                args: [],
            },
        ),
        Command(
            CshAstCommand {
                assignments: [
                    CshAstAssignment {
                        name: "status",
                        value: "$?",
                    },
                ],
                name: "",
                args: [],
            },
        ),
        Command(
            CshAstCommand {
                assignments: [],
                name: "set",
                args: [
                    "-e",
                ],
            },
        ),
        Binary {
            left: Arithmetic(
                " status == 1 ",
            ),
            operator: Or,
            right: Command(
                CshAstCommand {
                    assignments: [],
                    name: "fail",
                    args: [
                        "interactive update exits non-zero with low disk space",
                    ],
                },
            ),
        },
        Binary {
            left: Test(
                " $output == *\"You need at least 10 GiB free to safely update Omarchy.\"* ",
            ),
            operator: Or,
            right: Command(
                CshAstCommand {
                    assignments: [],
                    name: "fail",
                    args: [
                        "interactive low-space update explains the requirement",
                    ],
                },
            ),
        },
        Binary {
            left: Test(
                " ! -f $gum_marker ",
            ),
            operator: Or,
            right: Command(
                CshAstCommand {
                    assignments: [],
                    name: "fail",
                    args: [
                        "interactive update stops before confirmation with low disk space",
                    ],
                },
            ),
        },
        Binary {
            left: Test(
                " ! -f $snapshot_marker ",
            ),
            operator: Or,
            right: Command(
                CshAstCommand {
                    assignments: [],
                    name: "fail",
                    args: [
                        "interactive update stops before snapshotting with low disk space",
                    ],
                },
            ),
        },
        Command(
            CshAstCommand {
                assignments: [],
                name: "pass",
                args: [
                    "interactive update stops before confirmation with low disk space",
                ],
            },
        ),
        Command(
            CshAstCommand {
                assignments: [],
                name: "rm",
                args: [
                    "-f",
                    "$snapshot_marker",
                    "$gum_marker",
                ],
            },
        ),
        Command(
            CshAstCommand {
                assignments: [
                    CshAstAssignment {
                        name: "output",
                        value: "$(OMARCHY_UPDATE_FORCE=1 run_update -y)",
                    },
                ],
                name: "",
                args: [],
            },
        ),
        Binary {
            left: Test(
                " -z $output ",
            ),
            operator: Or,
            right: Command(
                CshAstCommand {
                    assignments: [],
                    name: "fail",
                    args: [
                        "forced update does not emit the free-space warning",
                    ],
                },
            ),
        },
        Binary {
            left: Test(
                " ! -f $gum_marker ",
            ),
            operator: Or,
            right: Command(
                CshAstCommand {
                    assignments: [],
                    name: "fail",
                    args: [
                        "forced non-interactive update does not prompt",
                    ],
                },
            ),
        },
        Binary {
            left: Test(
                " -f $snapshot_marker ",
            ),
            operator: Or,
            right: Command(
                CshAstCommand {
                    assignments: [],
                    name: "fail",
                    args: [
                        "forced update continues with low disk space",
                    ],
                },
            ),
        },
        Command(
            CshAstCommand {
                assignments: [],
                name: "pass",
                args: [
                    "forced update skips the free-space requirement",
                ],
            },
        ),
        Command(
            CshAstCommand {
                assignments: [],
                name: "rm",
                args: [
                    "-f",
                    "$snapshot_marker",
                    "$gum_marker",
                ],
            },
        ),
        Command(
            CshAstCommand {
                assignments: [
                    CshAstAssignment {
                        name: "output",
                        value: "$(TEST_AVAILABLE_BYTES=$((10 * 1024 * 1024 * 1024)) run_update -y)",
                    },
                ],
                name: "",
                args: [],
            },
        ),
        Binary {
            left: Test(
                " $output != *\"You need at least 10 GiB free\"* ",
            ),
            operator: Or,
            right: Command(
                CshAstCommand {
                    assignments: [],
                    name: "fail",
                    args: [
                        "space equal to the threshold does not produce a warning",
                    ],
                },
            ),
        },
        Binary {
            left: Test(
                " -f $snapshot_marker ",
            ),
            operator: Or,
            right: Command(
                CshAstCommand {
                    assignments: [],
                    name: "fail",
                    args: [
                        "space equal to the threshold allows the update",
                    ],
                },
            ),
        },
        Command(
            CshAstCommand {
                assignments: [],
                name: "pass",
                args: [
                    "disk-space threshold includes the exact boundary",
                ],
            },
        ),
        Command(
            CshAstCommand {
                assignments: [],
                name: "rm",
                args: [
                    "-f",
                    "$snapshot_marker",
                    "$gum_marker",
                ],
            },
        ),
        Redirected {
            expression: Command(
                CshAstCommand {
                    assignments: [
                        CshAstAssignment {
                            name: "GUM_STATUS",
                            value: "0",
                        },
                        CshAstAssignment {
                            name: "TEST_AVAILABLE_BYTES",
                            value: "$((10 * 1024 * 1024 * 1024))",
                        },
                    ],
                    name: "run_update",
                    args: [],
                },
            ),
            redirects: [
                CshAstRedirect {
                    descriptor: None,
                    operator: ">",
                    target: "/dev/null",
                },
            ],
        },
        Binary {
            left: Command(
                CshAstCommand {
                    assignments: [],
                    name: "grep",
                    args: [
                        "-q",
                        "confirm Continue with update?",
                        "$gum_marker",
                    ],
                },
            ),
            operator: Or,
            right: Command(
                CshAstCommand {
                    assignments: [],
                    name: "fail",
                    args: [
                        "interactive update with enough space uses the normal confirmation prompt",
                    ],
                },
            ),
        },
        Binary {
            left: Test(
                " -f $snapshot_marker ",
            ),
            operator: Or,
            right: Command(
                CshAstCommand {
                    assignments: [],
                    name: "fail",
                    args: [
                        "accepting the normal confirmation starts the update",
                    ],
                },
            ),
        },
        Command(
            CshAstCommand {
                assignments: [],
                name: "pass",
                args: [
                    "interactive update keeps the normal confirmation prompt when space is sufficient",
                ],
            },
        ),
        Command(
            CshAstCommand {
                assignments: [],
                name: "rm",
                args: [
                    "-f",
                    "$snapshot_marker",
                ],
            },
        ),
        Command(
            CshAstCommand {
                assignments: [
                    CshAstAssignment {
                        name: "output",
                        value: "$(TEST_DF_INVALID=1 run_update -y)",
                    },
                ],
                name: "",
                args: [],
            },
        ),
        Binary {
            left: Test(
                " -z $output ",
            ),
            operator: Or,
            right: Command(
                CshAstCommand {
                    assignments: [],
                    name: "fail",
                    args: [
                        "failed disk-space detection remains silent",
                    ],
                },
            ),
        },
        Binary {
            left: Test(
                " -f $snapshot_marker ",
            ),
            operator: Or,
            right: Command(
                CshAstCommand {
                    assignments: [],
                    name: "fail",
                    args: [
                        "failed disk-space detection does not block the update",
                    ],
                },
            ),
        },
        Command(
            CshAstCommand {
                assignments: [],
                name: "pass",
                args: [
                    "failed disk-space detection silently continues",
                ],
            },
        ),
    ],
    here_documents: [
        CshAstHereDocument {
            delimiter: "SH",
            quoted: false,
            strip_tabs: false,
            body: "#!/bin/bash\n$body\n",
        },
    ],
}
