---
source: pkgs/core/src/parser/mod.rs
expression: asts
---
[
    CshAst {
        commands: [
            CshAstCommand {
                name: "echo",
                args: [
                    "Hello",
                ],
            },
        ],
    },
    CshAst {
        commands: [
            CshAstCommand {
                name: "echo",
                args: [
                    "Cruel",
                ],
            },
        ],
    },
    CshAst {
        commands: [
            CshAstCommand {
                name: "echo",
                args: [
                    "World",
                ],
            },
        ],
    },
]
