---
source: pkgs/core/src/parser/mod.rs
description: "@omacom/omarchy/install/hardware/fix-tuxedo-backlight.sh"
expression: ast
---
CshAst {
    commands: [
        If {
            branches: [
                CshAstBranch {
                    condition: CshAst {
                        commands: [
                            Binary {
                                left: Redirected {
                                    expression: Command(
                                        CshAstCommand {
                                            assignments: [],
                                            name: Some(
                                                Literal(
                                                    "cat",
                                                ),
                                            ),
                                            args: [
                                                Literal(
                                                    "/sys/class/dmi/id/sys_vendor",
                                                ),
                                            ],
                                        },
                                    ),
                                    redirects: [
                                        CshAstRedirect {
                                            descriptor: Some(
                                                "2",
                                            ),
                                            operator: ">",
                                            target: Literal(
                                                "/dev/null",
                                            ),
                                        },
                                    ],
                                },
                                operator: Pipe,
                                right: Command(
                                    CshAstCommand {
                                        assignments: [],
                                        name: Some(
                                            Literal(
                                                "grep",
                                            ),
                                        ),
                                        args: [
                                            Literal(
                                                "-qi",
                                            ),
                                            DoubleQuoted(
                                                Concat(
                                                    [
                                                        Literal(
                                                            "TUXEDO",
                                                        ),
                                                        Escaped(
                                                            "\\|",
                                                        ),
                                                        Literal(
                                                            "Slimbook",
                                                        ),
                                                    ],
                                                ),
                                            ),
                                        ],
                                    },
                                ),
                            },
                        ],
                    },
                    body: CshAst {
                        commands: [
                            Command(
                                CshAstCommand {
                                    assignments: [],
                                    name: Some(
                                        Literal(
                                            "omarchy-pkg-add",
                                        ),
                                    ),
                                    args: [
                                        Literal(
                                            "tuxedo-drivers-nocompatcheck-dkms",
                                        ),
                                    ],
                                },
                            ),
                            Command(
                                CshAstCommand {
                                    assignments: [],
                                    name: Some(
                                        Literal(
                                            "mkdir",
                                        ),
                                    ),
                                    args: [
                                        Literal(
                                            "-p",
                                        ),
                                        Literal(
                                            "/etc/modprobe.d",
                                        ),
                                    ],
                                },
                            ),
                            Redirected {
                                expression: Command(
                                    CshAstCommand {
                                        assignments: [],
                                        name: Some(
                                            Literal(
                                                "echo",
                                            ),
                                        ),
                                        args: [
                                            DoubleQuoted(
                                                Literal(
                                                    "blacklist clevo_xsm_wmi",
                                                ),
                                            ),
                                        ],
                                    },
                                ),
                                redirects: [
                                    CshAstRedirect {
                                        descriptor: None,
                                        operator: ">",
                                        target: Literal(
                                            "/etc/modprobe.d/blacklist-clevo-xsm-wmi.conf",
                                        ),
                                    },
                                ],
                            },
                            For {
                                variable: "f",
                                words: Some(
                                    [
                                        Pattern(
                                            "/lib/modules/*/extra/clevo-xsm-wmi.ko",
                                        ),
                                    ],
                                ),
                                body: CshAst {
                                    commands: [
                                        If {
                                            branches: [
                                                CshAstBranch {
                                                    condition: CshAst {
                                                        commands: [
                                                            Test(
                                                                Concat(
                                                                    [
                                                                        Literal(
                                                                            " -f ",
                                                                        ),
                                                                        Variable(
                                                                            "f",
                                                                        ),
                                                                        Literal(
                                                                            " ",
                                                                        ),
                                                                    ],
                                                                ),
                                                            ),
                                                        ],
                                                    },
                                                    body: CshAst {
                                                        commands: [
                                                            Command(
                                                                CshAstCommand {
                                                                    assignments: [],
                                                                    name: Some(
                                                                        Literal(
                                                                            "rm",
                                                                        ),
                                                                    ),
                                                                    args: [
                                                                        DoubleQuoted(
                                                                            Variable(
                                                                                "f",
                                                                            ),
                                                                        ),
                                                                    ],
                                                                },
                                                            ),
                                                        ],
                                                    },
                                                },
                                            ],
                                            otherwise: None,
                                        },
                                    ],
                                },
                            },
                        ],
                    },
                },
            ],
            otherwise: None,
        },
    ],
}
