---
source: pkgs/core/src/parser/mod.rs
description: "@omacom/omarchy/migrations/1785637426.sh"
expression: ast
---
CshAst {
    commands: [
        Command(
            CshAstCommand {
                assignments: [],
                name: Some(
                    Literal(
                        "echo",
                    ),
                ),
                args: [
                    DoubleQuoted(
                        Literal(
                            "Replace GNOME Calculator with Omacalc",
                        ),
                    ),
                ],
            },
        ),
        Command(
            CshAstCommand {
                assignments: [],
                name: Some(
                    Literal(
                        "omarchy-pkg-add",
                    ),
                ),
                args: [
                    Literal(
                        "omacalc",
                    ),
                ],
            },
        ),
        Command(
            CshAstCommand {
                assignments: [],
                name: Some(
                    Literal(
                        "omarchy-pkg-drop",
                    ),
                ),
                args: [
                    Literal(
                        "gnome-calculator",
                    ),
                ],
            },
        ),
    ],
}
