---
source: pkgs/core/src/parser/mod.rs
description: "@omacom/omarchy/test/shell.d/hyprland-window-close-all-test.sh"
expression: ast
---
CshAst {
    commands: [
        Command(
            CshAstCommand {
                assignments: [],
                name: Some(
                    Literal(
                        "source",
                    ),
                ),
                args: [
                    DoubleQuoted(
                        Concat(
                            [
                                CommandSubstitution {
                                    commands: [
                                        Command(
                                            CshAstCommand {
                                                assignments: [],
                                                name: Some(
                                                    Literal(
                                                        "dirname",
                                                    ),
                                                ),
                                                args: [
                                                    DoubleQuoted(
                                                        Variable(
                                                            "0",
                                                        ),
                                                    ),
                                                ],
                                            },
                                        ),
                                    ],
                                    backticks: false,
                                },
                                Literal(
                                    "/base-test.sh",
                                ),
                            ],
                        ),
                    ),
                ],
            },
        ),
        Command(
            CshAstCommand {
                assignments: [
                    CshAstAssignment {
                        name: "test_tmp",
                        operator: Set,
                        value: CommandSubstitution {
                            commands: [
                                Command(
                                    CshAstCommand {
                                        assignments: [],
                                        name: Some(
                                            Literal(
                                                "mktemp",
                                            ),
                                        ),
                                        args: [
                                            Literal(
                                                "-d",
                                            ),
                                        ],
                                    },
                                ),
                            ],
                            backticks: false,
                        },
                    },
                ],
                name: None,
                args: [],
            },
        ),
        Command(
            CshAstCommand {
                assignments: [],
                name: Some(
                    Literal(
                        "trap",
                    ),
                ),
                args: [
                    SingleQuoted(
                        "rm -rf \"$test_tmp\"",
                    ),
                    Literal(
                        "EXIT",
                    ),
                ],
            },
        ),
        Command(
            CshAstCommand {
                assignments: [
                    CshAstAssignment {
                        name: "mock_bin",
                        operator: Set,
                        value: DoubleQuoted(
                            Concat(
                                [
                                    Variable(
                                        "test_tmp",
                                    ),
                                    Literal(
                                        "/bin",
                                    ),
                                ],
                            ),
                        ),
                    },
                ],
                name: None,
                args: [],
            },
        ),
        Command(
            CshAstCommand {
                assignments: [
                    CshAstAssignment {
                        name: "hyprctl_log",
                        operator: Set,
                        value: DoubleQuoted(
                            Concat(
                                [
                                    Variable(
                                        "test_tmp",
                                    ),
                                    Literal(
                                        "/hyprctl.log",
                                    ),
                                ],
                            ),
                        ),
                    },
                ],
                name: None,
                args: [],
            },
        ),
        Command(
            CshAstCommand {
                assignments: [],
                name: Some(
                    Literal(
                        "mkdir",
                    ),
                ),
                args: [
                    Literal(
                        "-p",
                    ),
                    DoubleQuoted(
                        Variable(
                            "mock_bin",
                        ),
                    ),
                ],
            },
        ),
        Redirected {
            expression: Command(
                CshAstCommand {
                    assignments: [],
                    name: Some(
                        Literal(
                            "cat",
                        ),
                    ),
                    args: [],
                },
            ),
            redirects: [
                CshAstRedirect {
                    descriptor: Default,
                    operator: Output,
                    target: DoubleQuoted(
                        Concat(
                            [
                                Variable(
                                    "mock_bin",
                                ),
                                Literal(
                                    "/hyprctl",
                                ),
                            ],
                        ),
                    ),
                },
                CshAstRedirect {
                    descriptor: Default,
                    operator: HereDocument,
                    target: Literal(
                        "SH",
                    ),
                    here_document: 0,
                },
            ],
        },
        Command(
            CshAstCommand {
                assignments: [],
                name: Some(
                    Literal(
                        "chmod",
                    ),
                ),
                args: [
                    Literal(
                        "+x",
                    ),
                    DoubleQuoted(
                        Concat(
                            [
                                Variable(
                                    "mock_bin",
                                ),
                                Literal(
                                    "/hyprctl",
                                ),
                            ],
                        ),
                    ),
                ],
            },
        ),
        Command(
            CshAstCommand {
                assignments: [
                    CshAstAssignment {
                        name: "PATH",
                        operator: Set,
                        value: DoubleQuoted(
                            Concat(
                                [
                                    Variable(
                                        "mock_bin",
                                    ),
                                    Literal(
                                        ":",
                                    ),
                                    Variable(
                                        "PATH",
                                    ),
                                ],
                            ),
                        ),
                    },
                    CshAstAssignment {
                        name: "HYPRCTL_LOG",
                        operator: Set,
                        value: DoubleQuoted(
                            Variable(
                                "hyprctl_log",
                            ),
                        ),
                    },
                ],
                name: Some(
                    DoubleQuoted(
                        Concat(
                            [
                                Variable(
                                    "ROOT",
                                ),
                                Literal(
                                    "/bin/omarchy-hyprland-window-close-all",
                                ),
                            ],
                        ),
                    ),
                ),
                args: [],
            },
        ),
        Command(
            CshAstCommand {
                assignments: [
                    CshAstAssignment {
                        name: "expected_log",
                        operator: Set,
                        value: DoubleQuoted(
                            Concat(
                                [
                                    Variable(
                                        "test_tmp",
                                    ),
                                    Literal(
                                        "/expected.log",
                                    ),
                                ],
                            ),
                        ),
                    },
                ],
                name: None,
                args: [],
            },
        ),
        Redirected {
            expression: Command(
                CshAstCommand {
                    assignments: [],
                    name: Some(
                        Literal(
                            "cat",
                        ),
                    ),
                    args: [],
                },
            ),
            redirects: [
                CshAstRedirect {
                    descriptor: Default,
                    operator: Output,
                    target: DoubleQuoted(
                        Variable(
                            "expected_log",
                        ),
                    ),
                },
                CshAstRedirect {
                    descriptor: Default,
                    operator: HereDocument,
                    target: Literal(
                        "EOF",
                    ),
                    here_document: 1,
                },
            ],
        },
        Binary {
            left: Command(
                CshAstCommand {
                    assignments: [],
                    name: Some(
                        Literal(
                            "diff",
                        ),
                    ),
                    args: [
                        Literal(
                            "-u",
                        ),
                        DoubleQuoted(
                            Variable(
                                "expected_log",
                            ),
                        ),
                        DoubleQuoted(
                            Variable(
                                "hyprctl_log",
                            ),
                        ),
                    ],
                },
            ),
            operator: Or,
            right: Command(
                CshAstCommand {
                    assignments: [],
                    name: Some(
                        Literal(
                            "fail",
                        ),
                    ),
                    args: [
                        DoubleQuoted(
                            Literal(
                                "close-all targets each window with the Lua dispatcher",
                            ),
                        ),
                    ],
                },
            ),
        },
        Command(
            CshAstCommand {
                assignments: [],
                name: Some(
                    Literal(
                        "pass",
                    ),
                ),
                args: [
                    DoubleQuoted(
                        Literal(
                            "close-all targets each window with the Lua dispatcher",
                        ),
                    ),
                ],
            },
        ),
    ],
    here_documents: [
        CshAstHereDocument {
            delimiter: "SH",
            quoted: true,
            strip_tabs: false,
            content: Literal(
                "#!/bin/bash\n\nif [[ $1 == \"clients\" ]]; then\n  printf '[{\"address\":\"0xabc\"},{\"address\":\"0xdef\"}]\\n'\nelse\n  printf '%s\\n' \"$*\" >>\"$HYPRCTL_LOG\"\nfi\n",
            ),
        },
        CshAstHereDocument {
            delimiter: "EOF",
            quoted: true,
            strip_tabs: false,
            content: Literal(
                "dispatch hl.dsp.window.close({ window = \"address:0xabc\" })\ndispatch hl.dsp.window.close({ window = \"address:0xdef\" })\ndispatch hl.dsp.focus({ workspace = \"1\" })\n",
            ),
        },
    ],
}
