---
source: pkgs/core/src/parser/mod.rs
description: "@omacom/omarchy/test/shell.d/cups-hardening-test.sh"
expression: ast
---
CshAst {
    commands: [
        Command(
            CshAstCommand {
                assignments: [],
                name: "set",
                args: [
                    "-euo",
                    "pipefail",
                ],
            },
        ),
        Command(
            CshAstCommand {
                assignments: [],
                name: "source",
                args: [
                    "$(cd -- \"$(dirname -- \"${BASH_SOURCE[0]}\")\" && pwd)/base-test.sh",
                ],
            },
        ),
        Command(
            CshAstCommand {
                assignments: [
                    CshAstAssignment {
                        name: "packages",
                        value: "$ROOT/install/omarchy-base.packages",
                    },
                ],
                name: "",
                args: [],
            },
        ),
        Command(
            CshAstCommand {
                assignments: [
                    CshAstAssignment {
                        name: "cups_browsed_conf",
                        value: "$ROOT/etc/cups/cups-browsed.conf",
                    },
                ],
                name: "",
                args: [],
            },
        ),
        Command(
            CshAstCommand {
                assignments: [
                    CshAstAssignment {
                        name: "cups_files_conf",
                        value: "$ROOT/etc/cups/cups-files.conf",
                    },
                ],
                name: "",
                args: [],
            },
        ),
        Command(
            CshAstCommand {
                assignments: [
                    CshAstAssignment {
                        name: "sysusers_conf",
                        value: "$ROOT/etc/sysusers.d/omarchy-cups-browsed.conf",
                    },
                ],
                name: "",
                args: [],
            },
        ),
        Command(
            CshAstCommand {
                assignments: [
                    CshAstAssignment {
                        name: "service_dropin",
                        value: "$ROOT/etc/systemd/system/cups-browsed.service.d/10-omarchy.conf",
                    },
                ],
                name: "",
                args: [],
            },
        ),
        Binary {
            left: Command(
                CshAstCommand {
                    assignments: [],
                    name: "grep",
                    args: [
                        "-qxF",
                        "cups",
                        "$packages",
                    ],
                },
            ),
            operator: Or,
            right: Command(
                CshAstCommand {
                    assignments: [],
                    name: "fail",
                    args: [
                        "CUPS itself remains in the base package set",
                    ],
                },
            ),
        },
        Binary {
            left: Command(
                CshAstCommand {
                    assignments: [],
                    name: "grep",
                    args: [
                        "-qxF",
                        "cups-filters",
                        "$packages",
                    ],
                },
            ),
            operator: Or,
            right: Command(
                CshAstCommand {
                    assignments: [],
                    name: "fail",
                    args: [
                        "the CUPS filters remain in the base package set",
                    ],
                },
            ),
        },
        Binary {
            left: Command(
                CshAstCommand {
                    assignments: [],
                    name: "grep",
                    args: [
                        "-qxF",
                        "system-config-printer",
                        "$packages",
                    ],
                },
            ),
            operator: Or,
            right: Command(
                CshAstCommand {
                    assignments: [],
                    name: "fail",
                    args: [
                        "Print Settings remains in the base package set",
                    ],
                },
            ),
        },
        Binary {
            left: Command(
                CshAstCommand {
                    assignments: [],
                    name: "grep",
                    args: [
                        "-qxF",
                        "cups-pk-helper",
                        "$packages",
                    ],
                },
            ),
            operator: Or,
            right: Command(
                CshAstCommand {
                    assignments: [],
                    name: "fail",
                    args: [
                        "Polkit printer administration is installed",
                    ],
                },
            ),
        },
        Binary {
            left: Negated(
                Command(
                    CshAstCommand {
                        assignments: [],
                        name: "grep",
                        args: [
                            "-qxF",
                            "cups-pdf",
                            "$packages",
                        ],
                    },
                ),
            ),
            operator: Or,
            right: Command(
                CshAstCommand {
                    assignments: [],
                    name: "fail",
                    args: [
                        "the root CUPS-PDF backend is removed",
                    ],
                },
            ),
        },
        Binary {
            left: Negated(
                Command(
                    CshAstCommand {
                        assignments: [],
                        name: "grep",
                        args: [
                            "-qxF",
                            "cups-browsed",
                            "$packages",
                        ],
                    },
                ),
            ),
            operator: Or,
            right: Command(
                CshAstCommand {
                    assignments: [],
                    name: "fail",
                    args: [
                        "automatic printer discovery is out of the base package set",
                    ],
                },
            ),
        },
        Binary {
            left: Negated(
                Command(
                    CshAstCommand {
                        assignments: [],
                        name: "grep",
                        args: [
                            "-q",
                            "cups-browsed",
                            "$ROOT/install/config/enable-services.sh",
                        ],
                    },
                ),
            ),
            operator: Or,
            right: Command(
                CshAstCommand {
                    assignments: [],
                    name: "fail",
                    args: [
                        "a fresh install does not enable a discovery service it no longer installs",
                    ],
                },
            ),
        },
        Binary {
            left: Negated(
                Command(
                    CshAstCommand {
                        assignments: [],
                        name: "grep",
                        args: [
                            "-q",
                            "enable_system_service cups-browsed",
                            "$ROOT/bin/omarchy-upgrade-to-quattro",
                        ],
                    },
                ),
            ),
            operator: Or,
            right: Command(
                CshAstCommand {
                    assignments: [],
                    name: "fail",
                    args: [
                        "the Quattro upgrade does not enable a discovery service it no longer installs",
                    ],
                },
            ),
        },
        Command(
            CshAstCommand {
                assignments: [],
                name: "pass",
                args: [
                    "the base install keeps CUPS and Polkit administration, without automatic discovery",
                ],
            },
        ),
        Command(
            CshAstCommand {
                assignments: [
                    CshAstAssignment {
                        name: "post_install_pacman",
                        value: "$ROOT/install/post-install/pacman.sh",
                    },
                ],
                name: "",
                args: [],
            },
        ),
        Binary {
            left: Negated(
                Command(
                    CshAstCommand {
                        assignments: [],
                        name: "grep",
                        args: [
                            "-q",
                            "cups-cups-browsed.conf",
                            "$post_install_pacman",
                        ],
                    },
                ),
            ),
            operator: Or,
            right: Command(
                CshAstCommand {
                    assignments: [],
                    name: "fail",
                    args: [
                        "a fresh install does not write configuration for absent printer discovery",
                    ],
                },
            ),
        },
        Binary {
            left: Command(
                CshAstCommand {
                    assignments: [],
                    name: "grep",
                    args: [
                        "-q",
                        "cups-cups-files.conf && -f /etc/cups/cups-files.conf",
                        "$post_install_pacman",
                    ],
                },
            ),
            operator: Or,
            right: Command(
                CshAstCommand {
                    assignments: [],
                    name: "fail",
                    args: [
                        "the CUPS authorization override waits for the file it replaces",
                    ],
                },
            ),
        },
        Command(
            CshAstCommand {
                assignments: [],
                name: "pass",
                args: [
                    "the fresh install applies CUPS hardening without writing discovery configuration",
                ],
            },
        ),
        Binary {
            left: Command(
                CshAstCommand {
                    assignments: [],
                    name: "grep",
                    args: [
                        "-qxF",
                        "CacheDir /var/cache/cups-browsed",
                        "$cups_browsed_conf",
                    ],
                },
            ),
            operator: Or,
            right: Command(
                CshAstCommand {
                    assignments: [],
                    name: "fail",
                    args: [
                        "cups-browsed keeps state outside the print-filter cache",
                    ],
                },
            ),
        },
        Binary {
            left: Command(
                CshAstCommand {
                    assignments: [],
                    name: "grep",
                    args: [
                        "-qxF",
                        "CreateIPPPrinterQueues Driverless",
                        "$cups_browsed_conf",
                    ],
                },
            ),
            operator: Or,
            right: Command(
                CshAstCommand {
                    assignments: [],
                    name: "fail",
                    args: [
                        "automatic queues are limited to driverless IPP printers",
                    ],
                },
            ),
        },
        Binary {
            left: Command(
                CshAstCommand {
                    assignments: [],
                    name: "grep",
                    args: [
                        "-qxF",
                        "CreateRemoteCUPSPrinterQueues No",
                        "$cups_browsed_conf",
                    ],
                },
            ),
            operator: Or,
            right: Command(
                CshAstCommand {
                    assignments: [],
                    name: "fail",
                    args: [
                        "remote CUPS queues are not created automatically",
                    ],
                },
            ),
        },
        Binary {
            left: Negated(
                Command(
                    CshAstCommand {
                        assignments: [],
                        name: "grep",
                        args: [
                            "-q",
                            "CreateRemotePrinters",
                            "$cups_browsed_conf",
                        ],
                    },
                ),
            ),
            operator: Or,
            right: Command(
                CshAstCommand {
                    assignments: [],
                    name: "fail",
                    args: [
                        "the unsupported CreateRemotePrinters directive is gone",
                    ],
                },
            ),
        },
        Command(
            CshAstCommand {
                assignments: [],
                name: "pass",
                args: [
                    "cups-browsed uses explicit supported discovery policy and an isolated cache",
                ],
            },
        ),
        Binary {
            left: Command(
                CshAstCommand {
                    assignments: [],
                    name: "grep",
                    args: [
                        "-qxF",
                        "SystemGroup cups-browsed sys root",
                        "$cups_files_conf",
                    ],
                },
            ),
            operator: Or,
            right: Command(
                CshAstCommand {
                    assignments: [],
                    name: "fail",
                    args: [
                        "only the printer discovery account receives passwordless CUPS administration",
                    ],
                },
            ),
        },
        Binary {
            left: Command(
                CshAstCommand {
                    assignments: [],
                    name: "grep",
                    args: [
                        "-qxF",
                        "PeerCred on",
                        "$cups_files_conf",
                    ],
                },
            ),
            operator: Or,
            right: Command(
                CshAstCommand {
                    assignments: [],
                    name: "fail",
                    args: [
                        "the packaged CUPS policy enables peer credentials",
                    ],
                },
            ),
        },
        Binary {
            left: Test(
                " $(grep -ciE '^[[:space:]]*SystemGroup[[:space:]]' \"$cups_files_conf\") == 1 ",
            ),
            operator: Or,
            right: Command(
                CshAstCommand {
                    assignments: [],
                    name: "fail",
                    args: [
                        "the packaged CUPS policy has one SystemGroup directive",
                    ],
                },
            ),
        },
        Binary {
            left: Test(
                " $(grep -ciE '^[[:space:]]*PeerCred[[:space:]]' \"$cups_files_conf\") == 1 ",
            ),
            operator: Or,
            right: Command(
                CshAstCommand {
                    assignments: [],
                    name: "fail",
                    args: [
                        "the packaged CUPS policy has one PeerCred directive",
                    ],
                },
            ),
        },
        Binary {
            left: Test(
                " ! -e $ROOT/install/config/printing.sh ",
            ),
            operator: Or,
            right: Command(
                CshAstCommand {
                    assignments: [],
                    name: "fail",
                    args: [
                        "printing policy is not rewritten by an install script",
                    ],
                },
            ),
        },
        Binary {
            left: Negated(
                Command(
                    CshAstCommand {
                        assignments: [],
                        name: "grep",
                        args: [
                            "-q",
                            "config/printing.sh",
                            "$ROOT/install/config/all.sh",
                            "$ROOT/migrations/1787815267.sh",
                        ],
                    },
                ),
            ),
            operator: Or,
            right: Command(
                CshAstCommand {
                    assignments: [],
                    name: "fail",
                    args: [
                        "neither install nor update invokes a printing rewrite script",
                    ],
                },
            ),
        },
        Command(
            CshAstCommand {
                assignments: [],
                name: "pass",
                args: [
                    "CUPS authorization ships as a canonical package override",
                ],
            },
        ),
        Binary {
            left: Command(
                CshAstCommand {
                    assignments: [],
                    name: "grep",
                    args: [
                        "-qxF",
                        "u cups-browsed - \"CUPS printer discovery\" / -",
                        "$sysusers_conf",
                    ],
                },
            ),
            operator: Or,
            right: Command(
                CshAstCommand {
                    assignments: [],
                    name: "fail",
                    args: [
                        "a locked cups-browsed system account is declared",
                    ],
                },
            ),
        },
        For {
            variable: "setting",
            words: Some(
                [
                    "User=cups-browsed",
                    "Group=cups-browsed",
                    "CacheDirectory=cups-browsed",
                    "CacheDirectoryMode=0750",
                    "UMask=0027",
                    "NoNewPrivileges=yes",
                    "ProtectSystem=strict",
                    "ProtectHome=yes",
                    "PrivateTmp=yes",
                    "RestrictSUIDSGID=yes",
                ],
            ),
            body: CshAst {
                commands: [
                    Binary {
                        left: Command(
                            CshAstCommand {
                                assignments: [],
                                name: "grep",
                                args: [
                                    "-qxF",
                                    "$setting",
                                    "$service_dropin",
                                ],
                            },
                        ),
                        operator: Or,
                        right: Command(
                            CshAstCommand {
                                assignments: [],
                                name: "fail",
                                args: [
                                    "cups-browsed service hardening includes $setting",
                                ],
                            },
                        ),
                    },
                ],
            },
        },
        Binary {
            left: Negated(
                Command(
                    CshAstCommand {
                        assignments: [],
                        name: "grep",
                        args: [
                            "-q",
                            "^\\(Ambient\\|CapabilityBoundingSet\\).*CAP_NET_BIND_SERVICE",
                            "$service_dropin",
                        ],
                    },
                ),
            ),
            operator: Or,
            right: Command(
                CshAstCommand {
                    assignments: [],
                    name: "fail",
                    args: [
                        "cups-browsed is not granted an unverified network capability",
                    ],
                },
            ),
        },
        Command(
            CshAstCommand {
                assignments: [],
                name: "pass",
                args: [
                    "cups-browsed runs as its confined service account without added capabilities",
                ],
            },
        ),
        Command(
            CshAstCommand {
                assignments: [
                    CshAstAssignment {
                        name: "test_tmp",
                        value: "$(mktemp -d)",
                    },
                ],
                name: "",
                args: [],
            },
        ),
        Command(
            CshAstCommand {
                assignments: [],
                name: "trap",
                args: [
                    "rm -rf \"$test_tmp\"",
                    "EXIT",
                ],
            },
        ),
        Command(
            CshAstCommand {
                assignments: [
                    CshAstAssignment {
                        name: "mock_bin",
                        value: "$test_tmp/bin",
                    },
                ],
                name: "",
                args: [],
            },
        ),
        Command(
            CshAstCommand {
                assignments: [],
                name: "mkdir",
                args: [
                    "-p",
                    "$mock_bin",
                    "$test_tmp/var/lib/omarchy/migrations",
                ],
            },
        ),
        Command(
            CshAstCommand {
                assignments: [
                    CshAstAssignment {
                        name: "passwd_db",
                        value: "$test_tmp/passwd",
                    },
                ],
                name: "",
                args: [],
            },
        ),
        Command(
            CshAstCommand {
                assignments: [
                    CshAstAssignment {
                        name: "group_db",
                        value: "$test_tmp/group",
                    },
                ],
                name: "",
                args: [],
            },
        ),
        Command(
            CshAstCommand {
                assignments: [],
                name: "touch",
                args: [
                    "$passwd_db",
                    "$group_db",
                ],
            },
        ),
        Redirected {
            expression: Command(
                CshAstCommand {
                    assignments: [],
                    name: "cat",
                    args: [],
                },
            ),
            redirects: [
                CshAstRedirect {
                    descriptor: None,
                    operator: ">",
                    target: "$mock_bin/getent",
                },
                CshAstRedirect {
                    descriptor: None,
                    operator: "<<",
                    target: "SH",
                    here_document: 0,
                },
            ],
        },
        Redirected {
            expression: Command(
                CshAstCommand {
                    assignments: [],
                    name: "cat",
                    args: [],
                },
            ),
            redirects: [
                CshAstRedirect {
                    descriptor: None,
                    operator: ">",
                    target: "$mock_bin/omarchy-pkg-present",
                },
                CshAstRedirect {
                    descriptor: None,
                    operator: "<<",
                    target: "SH",
                    here_document: 1,
                },
            ],
        },
        For {
            variable: "command",
            words: Some(
                [
                    "omarchy-pkg-add",
                    "omarchy-pkg-drop",
                ],
            ),
            body: CshAst {
                commands: [
                    Redirected {
                        expression: Command(
                            CshAstCommand {
                                assignments: [],
                                name: "cat",
                                args: [],
                            },
                        ),
                        redirects: [
                            CshAstRedirect {
                                descriptor: None,
                                operator: ">",
                                target: "$mock_bin/$command",
                            },
                            CshAstRedirect {
                                descriptor: None,
                                operator: "<<",
                                target: "SH",
                                here_document: 2,
                            },
                        ],
                    },
                ],
            },
        },
        Redirected {
            expression: Command(
                CshAstCommand {
                    assignments: [],
                    name: "cat",
                    args: [],
                },
            ),
            redirects: [
                CshAstRedirect {
                    descriptor: None,
                    operator: ">",
                    target: "$mock_bin/systemctl",
                },
                CshAstRedirect {
                    descriptor: None,
                    operator: "<<",
                    target: "SH",
                    here_document: 3,
                },
            ],
        },
        Redirected {
            expression: Command(
                CshAstCommand {
                    assignments: [],
                    name: "cat",
                    args: [],
                },
            ),
            redirects: [
                CshAstRedirect {
                    descriptor: None,
                    operator: ">",
                    target: "$mock_bin/sudo",
                },
                CshAstRedirect {
                    descriptor: None,
                    operator: "<<",
                    target: "SH",
                    here_document: 4,
                },
            ],
        },
        Command(
            CshAstCommand {
                assignments: [],
                name: "chmod",
                args: [
                    "+x",
                    "$mock_bin/*",
                ],
            },
        ),
        Command(
            CshAstCommand {
                assignments: [
                    CshAstAssignment {
                        name: "log",
                        value: "$test_tmp/actions.log",
                    },
                ],
                name: "",
                args: [],
            },
        ),
        Command(
            CshAstCommand {
                assignments: [],
                name: "touch",
                args: [
                    "$log",
                ],
            },
        ),
        Command(
            CshAstCommand {
                assignments: [],
                name: "export",
                args: [
                    "OMARCHY_CUPS_TEST_LOG=$log",
                ],
            },
        ),
        Command(
            CshAstCommand {
                assignments: [],
                name: "export",
                args: [
                    "OMARCHY_CUPS_TEST_PASSWD=$passwd_db",
                ],
            },
        ),
        Command(
            CshAstCommand {
                assignments: [],
                name: "export",
                args: [
                    "OMARCHY_CUPS_TEST_GROUP=$group_db",
                ],
            },
        ),
        Redirected {
            expression: Command(
                CshAstCommand {
                    assignments: [],
                    name: "printf",
                    args: [
                        "cups-browsed:x:1000:1000:Desktop user:/home/cups-browsed:/usr/bin/bash\\n",
                    ],
                },
            ),
            redirects: [
                CshAstRedirect {
                    descriptor: None,
                    operator: ">",
                    target: "$passwd_db",
                },
            ],
        },
        Redirected {
            expression: Command(
                CshAstCommand {
                    assignments: [],
                    name: "printf",
                    args: [
                        "cups-browsed:x:1000:\\n",
                    ],
                },
            ),
            redirects: [
                CshAstRedirect {
                    descriptor: None,
                    operator: ">",
                    target: "$group_db",
                },
            ],
        },
        If {
            branches: [
                CshAstBranch {
                    condition: CshAst {
                        commands: [
                            Redirected {
                                expression: Command(
                                    CshAstCommand {
                                        assignments: [
                                            CshAstAssignment {
                                                name: "PATH",
                                                value: "$mock_bin:$PATH",
                                            },
                                            CshAstAssignment {
                                                name: "OMARCHY_PATH",
                                                value: "$ROOT",
                                            },
                                            CshAstAssignment {
                                                name: "OMARCHY_CUPS_MIGRATION_MARKER",
                                                value: "$test_tmp/desktop-collision-marker",
                                            },
                                        ],
                                        name: "bash",
                                        args: [
                                            "-euo",
                                            "pipefail",
                                            "$ROOT/migrations/1787815267.sh",
                                        ],
                                    },
                                ),
                                redirects: [
                                    CshAstRedirect {
                                        descriptor: Some(
                                            "2",
                                        ),
                                        operator: ">",
                                        target: "/dev/null",
                                    },
                                ],
                            },
                        ],
                    },
                    body: CshAst {
                        commands: [
                            Command(
                                CshAstCommand {
                                    assignments: [],
                                    name: "fail",
                                    args: [
                                        "the migration accepts an existing desktop user named cups-browsed",
                                    ],
                                },
                            ),
                        ],
                    },
                },
            ],
            otherwise: None,
        },
        Binary {
            left: Test(
                " ! -s $log ",
            ),
            operator: Or,
            right: Command(
                CshAstCommand {
                    assignments: [],
                    name: "fail",
                    args: [
                        "an account collision stops the migration before changing the system",
                    ],
                },
            ),
        },
        Redirected {
            expression: Command(
                CshAstCommand {
                    assignments: [],
                    name: "printf",
                    args: [
                        "alice:x:1000:947:Desktop user:/home/alice:/usr/bin/bash\\n",
                    ],
                },
            ),
            redirects: [
                CshAstRedirect {
                    descriptor: None,
                    operator: ">",
                    target: "$passwd_db",
                },
            ],
        },
        Redirected {
            expression: Command(
                CshAstCommand {
                    assignments: [],
                    name: "printf",
                    args: [
                        "cups-browsed:x:947:alice\\n",
                    ],
                },
            ),
            redirects: [
                CshAstRedirect {
                    descriptor: None,
                    operator: ">",
                    target: "$group_db",
                },
            ],
        },
        If {
            branches: [
                CshAstBranch {
                    condition: CshAst {
                        commands: [
                            Redirected {
                                expression: Command(
                                    CshAstCommand {
                                        assignments: [
                                            CshAstAssignment {
                                                name: "PATH",
                                                value: "$mock_bin:$PATH",
                                            },
                                            CshAstAssignment {
                                                name: "OMARCHY_PATH",
                                                value: "$ROOT",
                                            },
                                            CshAstAssignment {
                                                name: "OMARCHY_CUPS_MIGRATION_MARKER",
                                                value: "$test_tmp/group-collision-marker",
                                            },
                                        ],
                                        name: "bash",
                                        args: [
                                            "-euo",
                                            "pipefail",
                                            "$ROOT/migrations/1787815267.sh",
                                        ],
                                    },
                                ),
                                redirects: [
                                    CshAstRedirect {
                                        descriptor: Some(
                                            "2",
                                        ),
                                        operator: ">",
                                        target: "/dev/null",
                                    },
                                ],
                            },
                        ],
                    },
                    body: CshAst {
                        commands: [
                            Command(
                                CshAstCommand {
                                    assignments: [],
                                    name: "fail",
                                    args: [
                                        "the migration accepts an existing cups-browsed group with members",
                                    ],
                                },
                            ),
                        ],
                    },
                },
            ],
            otherwise: None,
        },
        Binary {
            left: Test(
                " ! -s $log ",
            ),
            operator: Or,
            right: Command(
                CshAstCommand {
                    assignments: [],
                    name: "fail",
                    args: [
                        "a group collision stops the migration before changing the system",
                    ],
                },
            ),
        },
        Redirected {
            expression: Command(
                CshAstCommand {
                    assignments: [],
                    name: "printf",
                    args: [
                        "cups-browsed:x:947:947:CUPS printer discovery:/:/usr/bin/nologin\\n",
                    ],
                },
            ),
            redirects: [
                CshAstRedirect {
                    descriptor: None,
                    operator: ">",
                    target: "$passwd_db",
                },
            ],
        },
        Redirected {
            expression: Command(
                CshAstCommand {
                    assignments: [],
                    name: "printf",
                    args: [
                        "cups-browsed:x:947:\\n",
                    ],
                },
            ),
            redirects: [
                CshAstRedirect {
                    descriptor: None,
                    operator: ">",
                    target: "$group_db",
                },
            ],
        },
        Command(
            CshAstCommand {
                assignments: [],
                name: "pass",
                args: [
                    "the migration rejects account and group collisions before changing printing",
                ],
            },
        ),
        Command(
            CshAstCommand {
                assignments: [
                    CshAstAssignment {
                        name: "marker",
                        value: "$test_tmp/var/lib/omarchy/migrations/1787815267",
                    },
                ],
                name: "",
                args: [],
            },
        ),
        Command(
            CshAstCommand {
                assignments: [
                    CshAstAssignment {
                        name: "PATH",
                        value: "$mock_bin:$PATH",
                    },
                    CshAstAssignment {
                        name: "OMARCHY_PATH",
                        value: "$ROOT",
                    },
                    CshAstAssignment {
                        name: "OMARCHY_CUPS_MIGRATION_MARKER",
                        value: "$marker",
                    },
                ],
                name: "bash",
                args: [
                    "-euo",
                    "pipefail",
                    "$ROOT/migrations/1787815267.sh",
                ],
            },
        ),
        Binary {
            left: Command(
                CshAstCommand {
                    assignments: [],
                    name: "grep",
                    args: [
                        "-qxF",
                        "$omarchy-pkg-drop\\tcups-pdf",
                        "$log",
                    ],
                },
            ),
            operator: Or,
            right: Command(
                CshAstCommand {
                    assignments: [],
                    name: "fail",
                    args: [
                        "the migration removes CUPS-PDF",
                    ],
                },
            ),
        },
        Binary {
            left: Command(
                CshAstCommand {
                    assignments: [],
                    name: "grep",
                    args: [
                        "-qxF",
                        "$omarchy-pkg-add\\tcups-pk-helper",
                        "$log",
                    ],
                },
            ),
            operator: Or,
            right: Command(
                CshAstCommand {
                    assignments: [],
                    name: "fail",
                    args: [
                        "the migration installs authenticated printer administration",
                    ],
                },
            ),
        },
        Binary {
            left: Command(
                CshAstCommand {
                    assignments: [],
                    name: "grep",
                    args: [
                        "-qxF",
                        "$systemctl\\tstop cups-browsed.service",
                        "$log",
                    ],
                },
            ),
            operator: Or,
            right: Command(
                CshAstCommand {
                    assignments: [],
                    name: "fail",
                    args: [
                        "the migration stops the root cups-browsed process before reconfiguration",
                    ],
                },
            ),
        },
        Binary {
            left: Command(
                CshAstCommand {
                    assignments: [],
                    name: "grep",
                    args: [
                        "-qxF",
                        "$systemctl\\tdaemon-reload",
                        "$log",
                    ],
                },
            ),
            operator: Or,
            right: Command(
                CshAstCommand {
                    assignments: [],
                    name: "fail",
                    args: [
                        "the migration reloads the hardened service",
                    ],
                },
            ),
        },
        Binary {
            left: Command(
                CshAstCommand {
                    assignments: [],
                    name: "grep",
                    args: [
                        "-qxF",
                        "$systemctl\\ttry-reload-or-restart cups.service",
                        "$log",
                    ],
                },
            ),
            operator: Or,
            right: Command(
                CshAstCommand {
                    assignments: [],
                    name: "fail",
                    args: [
                        "the migration reloads the packaged CUPS authorization",
                    ],
                },
            ),
        },
        Binary {
            left: Command(
                CshAstCommand {
                    assignments: [],
                    name: "grep",
                    args: [
                        "-qxF",
                        "$systemctl\\trestart cups-browsed.service",
                        "$log",
                    ],
                },
            ),
            operator: Or,
            right: Command(
                CshAstCommand {
                    assignments: [],
                    name: "fail",
                    args: [
                        "the migration resumes an active cups-browsed service",
                    ],
                },
            ),
        },
        Binary {
            left: Test(
                " -f $marker ",
            ),
            operator: Or,
            right: Command(
                CshAstCommand {
                    assignments: [],
                    name: "fail",
                    args: [
                        "the migration records machine-wide completion",
                    ],
                },
            ),
        },
        Command(
            CshAstCommand {
                assignments: [
                    CshAstAssignment {
                        name: "actions_after_first_run",
                        value: "$(wc -l <\"$log\")",
                    },
                ],
                name: "",
                args: [],
            },
        ),
        Command(
            CshAstCommand {
                assignments: [
                    CshAstAssignment {
                        name: "PATH",
                        value: "$mock_bin:$PATH",
                    },
                    CshAstAssignment {
                        name: "OMARCHY_PATH",
                        value: "$ROOT",
                    },
                    CshAstAssignment {
                        name: "OMARCHY_CUPS_MIGRATION_MARKER",
                        value: "$marker",
                    },
                ],
                name: "bash",
                args: [
                    "-euo",
                    "pipefail",
                    "$ROOT/migrations/1787815267.sh",
                ],
            },
        ),
        Binary {
            left: Test(
                " $(wc -l <\"$log\") == \"$actions_after_first_run\" ",
            ),
            operator: Or,
            right: Command(
                CshAstCommand {
                    assignments: [],
                    name: "fail",
                    args: [
                        "the machine-wide migration repeats privileged work",
                    ],
                },
            ),
        },
        Command(
            CshAstCommand {
                assignments: [],
                name: "pass",
                args: [
                    "the migration safely converts an active existing installation once",
                ],
            },
        ),
        Redirected {
            expression: Command(
                CshAstCommand {
                    assignments: [],
                    name: "cat",
                    args: [],
                },
            ),
            redirects: [
                CshAstRedirect {
                    descriptor: None,
                    operator: ">",
                    target: "$mock_bin/systemctl",
                },
                CshAstRedirect {
                    descriptor: None,
                    operator: "<<",
                    target: "SH",
                    here_document: 5,
                },
            ],
        },
        Command(
            CshAstCommand {
                assignments: [],
                name: "chmod",
                args: [
                    "+x",
                    "$mock_bin/systemctl",
                ],
            },
        ),
        Command(
            CshAstCommand {
                assignments: [
                    CshAstAssignment {
                        name: "retry_log",
                        value: "$test_tmp/retry.log",
                    },
                ],
                name: "",
                args: [],
            },
        ),
        Command(
            CshAstCommand {
                assignments: [
                    CshAstAssignment {
                        name: "retry_marker",
                        value: "$test_tmp/var/lib/omarchy/migrations/1787815267-retry",
                    },
                ],
                name: "",
                args: [],
            },
        ),
        Command(
            CshAstCommand {
                assignments: [
                    CshAstAssignment {
                        name: "OMARCHY_CUPS_TEST_LOG",
                        value: "$retry_log",
                    },
                    CshAstAssignment {
                        name: "PATH",
                        value: "$mock_bin:$PATH",
                    },
                    CshAstAssignment {
                        name: "OMARCHY_PATH",
                        value: "$ROOT",
                    },
                    CshAstAssignment {
                        name: "OMARCHY_CUPS_MIGRATION_MARKER",
                        value: "$retry_marker",
                    },
                ],
                name: "bash",
                args: [
                    "-euo",
                    "pipefail",
                    "$ROOT/migrations/1787815267.sh",
                ],
            },
        ),
        Binary {
            left: Command(
                CshAstCommand {
                    assignments: [],
                    name: "grep",
                    args: [
                        "-qxF",
                        "$systemctl\\trestart cups-browsed.service",
                        "$retry_log",
                    ],
                },
            ),
            operator: Or,
            right: Command(
                CshAstCommand {
                    assignments: [],
                    name: "fail",
                    args: [
                        "the retry resumes cups-browsed after an interrupted earlier run",
                    ],
                },
            ),
        },
        Command(
            CshAstCommand {
                assignments: [],
                name: "pass",
                args: [
                    "a run following an interrupted one still resumes printer discovery",
                ],
            },
        ),
        Redirected {
            expression: Command(
                CshAstCommand {
                    assignments: [],
                    name: "cat",
                    args: [],
                },
            ),
            redirects: [
                CshAstRedirect {
                    descriptor: None,
                    operator: ">",
                    target: "$mock_bin/systemctl",
                },
                CshAstRedirect {
                    descriptor: None,
                    operator: "<<",
                    target: "SH",
                    here_document: 6,
                },
            ],
        },
        Command(
            CshAstCommand {
                assignments: [],
                name: "chmod",
                args: [
                    "+x",
                    "$mock_bin/systemctl",
                ],
            },
        ),
        Command(
            CshAstCommand {
                assignments: [
                    CshAstAssignment {
                        name: "masked_log",
                        value: "$test_tmp/masked.log",
                    },
                ],
                name: "",
                args: [],
            },
        ),
        Command(
            CshAstCommand {
                assignments: [
                    CshAstAssignment {
                        name: "masked_marker",
                        value: "$test_tmp/var/lib/omarchy/migrations/1787815267-masked",
                    },
                ],
                name: "",
                args: [],
            },
        ),
        Command(
            CshAstCommand {
                assignments: [
                    CshAstAssignment {
                        name: "OMARCHY_CUPS_TEST_LOG",
                        value: "$masked_log",
                    },
                    CshAstAssignment {
                        name: "PATH",
                        value: "$mock_bin:$PATH",
                    },
                    CshAstAssignment {
                        name: "OMARCHY_PATH",
                        value: "$ROOT",
                    },
                    CshAstAssignment {
                        name: "OMARCHY_CUPS_MIGRATION_MARKER",
                        value: "$masked_marker",
                    },
                ],
                name: "bash",
                args: [
                    "-euo",
                    "pipefail",
                    "$ROOT/migrations/1787815267.sh",
                ],
            },
        ),
        Binary {
            left: Negated(
                Command(
                    CshAstCommand {
                        assignments: [],
                        name: "grep",
                        args: [
                            "-qxF",
                            "$systemctl\\trestart cups-browsed.service",
                            "$masked_log",
                        ],
                    },
                ),
            ),
            operator: Or,
            right: Command(
                CshAstCommand {
                    assignments: [],
                    name: "fail",
                    args: [
                        "the migration leaves a masked or disabled cups-browsed alone",
                    ],
                },
            ),
        },
        Binary {
            left: Test(
                " -f $masked_marker ",
            ),
            operator: Or,
            right: Command(
                CshAstCommand {
                    assignments: [],
                    name: "fail",
                    args: [
                        "the migration completes with cups-browsed masked",
                    ],
                },
            ),
        },
        Command(
            CshAstCommand {
                assignments: [],
                name: "pass",
                args: [
                    "a masked or disabled cups-browsed is left alone and does not fail the migration",
                ],
            },
        ),
    ],
    here_documents: [
        CshAstHereDocument {
            delimiter: "SH",
            quoted: true,
            strip_tabs: false,
            body: "#!/bin/bash\ncase \"$1\" in\n  passwd) database=\"$OMARCHY_CUPS_TEST_PASSWD\" ;;\n  group) database=\"$OMARCHY_CUPS_TEST_GROUP\" ;;\n  *) exit 2 ;;\nesac\n\nif (($# == 1)); then\n  cat \"$database\"\nelse\n  awk -F: -v name=\"$2\" '$1 == name { print; found = 1 } END { exit !found }' \"$database\"\nfi\n",
        },
        CshAstHereDocument {
            delimiter: "SH",
            quoted: true,
            strip_tabs: false,
            body: "#!/bin/bash\n[[ $1 == \"cups\" || $1 == \"cups-browsed\" ]]\n",
        },
        CshAstHereDocument {
            delimiter: "SH",
            quoted: true,
            strip_tabs: false,
            body: "#!/bin/bash\nprintf '%s\\t%s\\n' \"${0##*/}\" \"$*\" >>\"$OMARCHY_CUPS_TEST_LOG\"\n",
        },
        CshAstHereDocument {
            delimiter: "SH",
            quoted: true,
            strip_tabs: false,
            body: "#!/bin/bash\nprintf 'systemctl\\t%s\\n' \"$*\" >>\"$OMARCHY_CUPS_TEST_LOG\"\nexit 0\n",
        },
        CshAstHereDocument {
            delimiter: "SH",
            quoted: true,
            strip_tabs: false,
            body: "#!/bin/bash\nprintf 'sudo\\t%s\\n' \"$*\" >>\"$OMARCHY_CUPS_TEST_LOG\"\nexec \"$@\"\n",
        },
        CshAstHereDocument {
            delimiter: "SH",
            quoted: true,
            strip_tabs: false,
            body: "#!/bin/bash\nprintf 'systemctl\\t%s\\n' \"$*\" >>\"$OMARCHY_CUPS_TEST_LOG\"\n[[ $1 == \"is-active\" ]] && exit 1\nexit 0\n",
        },
        CshAstHereDocument {
            delimiter: "SH",
            quoted: true,
            strip_tabs: false,
            body: "#!/bin/bash\nprintf 'systemctl\\t%s\\n' \"$*\" >>\"$OMARCHY_CUPS_TEST_LOG\"\n[[ $1 == \"is-active\" || $1 == \"is-enabled\" ]] && exit 1\nexit 0\n",
        },
    ],
}
