---
source: pkgs/core/src/parser/mod.rs
description: "@omacom/omarchy/install/hardware/intel/fred.sh"
expression: ast
---
CshAst {
    commands: [
        Command(
            CshAstCommand {
                assignments: [
                    CshAstAssignment {
                        name: "DROP_IN",
                        operator: Set,
                        value: DoubleQuoted(
                            Literal(
                                "/etc/limine-entry-tool.d/intel-panther-lake-fred.conf",
                            ),
                        ),
                    },
                ],
                name: None,
                args: [],
            },
        ),
        If {
            branches: [
                CshAstBranch {
                    condition: CshAst {
                        commands: [
                            Command(
                                CshAstCommand {
                                    assignments: [],
                                    name: Some(
                                        Literal(
                                            "omarchy-hw-intel-ptl",
                                        ),
                                    ),
                                    args: [],
                                },
                            ),
                        ],
                    },
                    body: CshAst {
                        commands: [
                            If {
                                branches: [
                                    CshAstBranch {
                                        condition: CshAst {
                                            commands: [
                                                Binary {
                                                    left: Test(
                                                        Not(
                                                            Unary {
                                                                operator: Regular,
                                                                operand: Variable(
                                                                    "DROP_IN",
                                                                ),
                                                            },
                                                        ),
                                                    ),
                                                    operator: Or,
                                                    right: Negated(
                                                        Command(
                                                            CshAstCommand {
                                                                assignments: [],
                                                                name: Some(
                                                                    Literal(
                                                                        "grep",
                                                                    ),
                                                                ),
                                                                args: [
                                                                    Literal(
                                                                        "-q",
                                                                    ),
                                                                    SingleQuoted(
                                                                        "fred=on",
                                                                    ),
                                                                    DoubleQuoted(
                                                                        Variable(
                                                                            "DROP_IN",
                                                                        ),
                                                                    ),
                                                                ],
                                                            },
                                                        ),
                                                    ),
                                                },
                                            ],
                                        },
                                        body: CshAst {
                                            commands: [
                                                Command(
                                                    CshAstCommand {
                                                        assignments: [],
                                                        name: Some(
                                                            Literal(
                                                                "sudo",
                                                            ),
                                                        ),
                                                        args: [
                                                            Literal(
                                                                "mkdir",
                                                            ),
                                                            Literal(
                                                                "-p",
                                                            ),
                                                            Literal(
                                                                "/etc/limine-entry-tool.d",
                                                            ),
                                                        ],
                                                    },
                                                ),
                                                Binary {
                                                    left: Redirected {
                                                        expression: Command(
                                                            CshAstCommand {
                                                                assignments: [],
                                                                name: Some(
                                                                    Literal(
                                                                        "cat",
                                                                    ),
                                                                ),
                                                                args: [],
                                                            },
                                                        ),
                                                        redirects: [
                                                            CshAstRedirect {
                                                                descriptor: Default,
                                                                operator: HereDocument,
                                                                target: Literal(
                                                                    "EOF",
                                                                ),
                                                                here_document: 0,
                                                            },
                                                        ],
                                                    },
                                                    operator: Pipe,
                                                    right: Redirected {
                                                        expression: Command(
                                                            CshAstCommand {
                                                                assignments: [],
                                                                name: Some(
                                                                    Literal(
                                                                        "sudo",
                                                                    ),
                                                                ),
                                                                args: [
                                                                    Literal(
                                                                        "tee",
                                                                    ),
                                                                    DoubleQuoted(
                                                                        Variable(
                                                                            "DROP_IN",
                                                                        ),
                                                                    ),
                                                                ],
                                                            },
                                                        ),
                                                        redirects: [
                                                            CshAstRedirect {
                                                                descriptor: Default,
                                                                operator: Output,
                                                                target: Literal(
                                                                    "/dev/null",
                                                                ),
                                                            },
                                                        ],
                                                    },
                                                },
                                            ],
                                        },
                                    },
                                ],
                                otherwise: None,
                            },
                        ],
                    },
                },
            ],
            otherwise: None,
        },
    ],
    here_documents: [
        CshAstHereDocument {
            delimiter: "EOF",
            quoted: false,
            strip_tabs: false,
            content: Literal(
                "# Intel Panther Lake FRED support\nKERNEL_CMDLINE[default]+=\" fred=on\"\n",
            ),
        },
    ],
}
