---
source: pkgs/core/src/parser/mod.rs
description: "@omacom/omarchy/migrations/1785101000.sh"
expression: ast
---
CshAst {
    commands: [
        Command(
            CshAstCommand {
                assignments: [],
                name: "echo",
                args: [
                    "Save incoming Taildrop files to ~/Downloads",
                ],
            },
        ),
        If {
            branches: [
                CshAstBranch {
                    condition: CshAst {
                        commands: [
                            Command(
                                CshAstCommand {
                                    assignments: [],
                                    name: "omarchy-cmd-present",
                                    args: [
                                        "tailscale",
                                    ],
                                },
                            ),
                        ],
                    },
                    body: CshAst {
                        commands: [
                            Binary {
                                left: Redirected {
                                    expression: Command(
                                        CshAstCommand {
                                            assignments: [],
                                            name: "systemctl",
                                            args: [
                                                "--user",
                                                "daemon-reload",
                                            ],
                                        },
                                    ),
                                    redirects: [
                                        CshAstRedirect {
                                            descriptor: None,
                                            operator: ">",
                                            target: "/dev/null",
                                        },
                                        CshAstRedirect {
                                            descriptor: Some(
                                                "2",
                                            ),
                                            operator: ">&",
                                            target: "1",
                                        },
                                    ],
                                },
                                operator: Or,
                                right: Command(
                                    CshAstCommand {
                                        assignments: [],
                                        name: "true",
                                        args: [],
                                    },
                                ),
                            },
                            If {
                                branches: [
                                    CshAstBranch {
                                        condition: CshAst {
                                            commands: [
                                                Negated(
                                                    Command(
                                                        CshAstCommand {
                                                            assignments: [
                                                                CshAstAssignment {
                                                                    name: "error",
                                                                    value: "$(systemctl --user enable --now omarchy-tailscale-receive.service 2>&1)",
                                                                },
                                                            ],
                                                            name: "",
                                                            args: [],
                                                        },
                                                    ),
                                                ),
                                            ],
                                        },
                                        body: CshAst {
                                            commands: [
                                                Command(
                                                    CshAstCommand {
                                                        assignments: [],
                                                        name: "echo",
                                                        args: [
                                                            "Could not enable omarchy-tailscale-receive.service: $error",
                                                        ],
                                                    },
                                                ),
                                            ],
                                        },
                                    },
                                ],
                                otherwise: None,
                            },
                        ],
                    },
                },
            ],
            otherwise: None,
        },
    ],
}
